Archive member included to satisfy reference by file (symbol)

c:/mounriver/mounriver_studio/toolchain/risc-v embedded gcc/bin/../lib/gcc/riscv-none-embed/8.2.0/rv32imacxw/ilp32\libgcc.a(save-restore.o)
                              ./Hardware/ov.o (__riscv_save_6)
c:/mounriver/mounriver_studio/toolchain/risc-v embedded gcc/bin/../lib/gcc/riscv-none-embed/8.2.0/../../../../riscv-none-embed/lib/rv32imacxw/ilp32\libg_nano.a(lib_a-printf.o)
                              ./User/main.o (printf)
c:/mounriver/mounriver_studio/toolchain/risc-v embedded gcc/bin/../lib/gcc/riscv-none-embed/8.2.0/../../../../riscv-none-embed/lib/rv32imacxw/ilp32\libg_nano.a(lib_a-puts.o)
                              ./User/main.o (puts)
c:/mounriver/mounriver_studio/toolchain/risc-v embedded gcc/bin/../lib/gcc/riscv-none-embed/8.2.0/../../../../riscv-none-embed/lib/rv32imacxw/ilp32\libg_nano.a(lib_a-wbuf.o)
                              c:/mounriver/mounriver_studio/toolchain/risc-v embedded gcc/bin/../lib/gcc/riscv-none-embed/8.2.0/../../../../riscv-none-embed/lib/rv32imacxw/ilp32\libg_nano.a(lib_a-puts.o) (__swbuf_r)
c:/mounriver/mounriver_studio/toolchain/risc-v embedded gcc/bin/../lib/gcc/riscv-none-embed/8.2.0/../../../../riscv-none-embed/lib/rv32imacxw/ilp32\libg_nano.a(lib_a-wsetup.o)
                              c:/mounriver/mounriver_studio/toolchain/risc-v embedded gcc/bin/../lib/gcc/riscv-none-embed/8.2.0/../../../../riscv-none-embed/lib/rv32imacxw/ilp32\libg_nano.a(lib_a-puts.o) (__swsetup_r)
c:/mounriver/mounriver_studio/toolchain/risc-v embedded gcc/bin/../lib/gcc/riscv-none-embed/8.2.0/../../../../riscv-none-embed/lib/rv32imacxw/ilp32\libg_nano.a(lib_a-fflush.o)
                              c:/mounriver/mounriver_studio/toolchain/risc-v embedded gcc/bin/../lib/gcc/riscv-none-embed/8.2.0/../../../../riscv-none-embed/lib/rv32imacxw/ilp32\libg_nano.a(lib_a-wbuf.o) (_fflush_r)
c:/mounriver/mounriver_studio/toolchain/risc-v embedded gcc/bin/../lib/gcc/riscv-none-embed/8.2.0/../../../../riscv-none-embed/lib/rv32imacxw/ilp32\libg_nano.a(lib_a-findfp.o)
                              c:/mounriver/mounriver_studio/toolchain/risc-v embedded gcc/bin/../lib/gcc/riscv-none-embed/8.2.0/../../../../riscv-none-embed/lib/rv32imacxw/ilp32\libg_nano.a(lib_a-printf.o) (__sinit)
c:/mounriver/mounriver_studio/toolchain/risc-v embedded gcc/bin/../lib/gcc/riscv-none-embed/8.2.0/../../../../riscv-none-embed/lib/rv32imacxw/ilp32\libg_nano.a(lib_a-fwalk.o)
                              c:/mounriver/mounriver_studio/toolchain/risc-v embedded gcc/bin/../lib/gcc/riscv-none-embed/8.2.0/../../../../riscv-none-embed/lib/rv32imacxw/ilp32\libg_nano.a(lib_a-findfp.o) (_fwalk)
c:/mounriver/mounriver_studio/toolchain/risc-v embedded gcc/bin/../lib/gcc/riscv-none-embed/8.2.0/../../../../riscv-none-embed/lib/rv32imacxw/ilp32\libg_nano.a(lib_a-impure.o)
                              c:/mounriver/mounriver_studio/toolchain/risc-v embedded gcc/bin/../lib/gcc/riscv-none-embed/8.2.0/../../../../riscv-none-embed/lib/rv32imacxw/ilp32\libg_nano.a(lib_a-fflush.o) (_global_impure_ptr)
c:/mounriver/mounriver_studio/toolchain/risc-v embedded gcc/bin/../lib/gcc/riscv-none-embed/8.2.0/../../../../riscv-none-embed/lib/rv32imacxw/ilp32\libg_nano.a(lib_a-makebuf.o)
                              c:/mounriver/mounriver_studio/toolchain/risc-v embedded gcc/bin/../lib/gcc/riscv-none-embed/8.2.0/../../../../riscv-none-embed/lib/rv32imacxw/ilp32\libg_nano.a(lib_a-wsetup.o) (__smakebuf_r)
c:/mounriver/mounriver_studio/toolchain/risc-v embedded gcc/bin/../lib/gcc/riscv-none-embed/8.2.0/../../../../riscv-none-embed/lib/rv32imacxw/ilp32\libg_nano.a(lib_a-memset.o)
                              c:/mounriver/mounriver_studio/toolchain/risc-v embedded gcc/bin/../lib/gcc/riscv-none-embed/8.2.0/../../../../riscv-none-embed/lib/rv32imacxw/ilp32\libg_nano.a(lib_a-findfp.o) (memset)
c:/mounriver/mounriver_studio/toolchain/risc-v embedded gcc/bin/../lib/gcc/riscv-none-embed/8.2.0/../../../../riscv-none-embed/lib/rv32imacxw/ilp32\libg_nano.a(lib_a-nano-freer.o)
                              c:/mounriver/mounriver_studio/toolchain/risc-v embedded gcc/bin/../lib/gcc/riscv-none-embed/8.2.0/../../../../riscv-none-embed/lib/rv32imacxw/ilp32\libg_nano.a(lib_a-wsetup.o) (_free_r)
c:/mounriver/mounriver_studio/toolchain/risc-v embedded gcc/bin/../lib/gcc/riscv-none-embed/8.2.0/../../../../riscv-none-embed/lib/rv32imacxw/ilp32\libg_nano.a(lib_a-nano-mallocr.o)
                              c:/mounriver/mounriver_studio/toolchain/risc-v embedded gcc/bin/../lib/gcc/riscv-none-embed/8.2.0/../../../../riscv-none-embed/lib/rv32imacxw/ilp32\libg_nano.a(lib_a-findfp.o) (_malloc_r)
c:/mounriver/mounriver_studio/toolchain/risc-v embedded gcc/bin/../lib/gcc/riscv-none-embed/8.2.0/../../../../riscv-none-embed/lib/rv32imacxw/ilp32\libg_nano.a(lib_a-nano-vfprintf.o)
[...]
Memory Configuration

Name             Origin             Length             Attributes
FLASH            0x0000000000000000 0x0000000000048000 xr
RAM              0x0000000020000000 0x0000000000008000 xrw
*default*        0x0000000000000000 0xffffffffffffffff

Linker script and memory map

LOAD ./User/ch32v30x_it.o
LOAD ./User/main.o
LOAD ./User/system_ch32v30x.o
LOAD ./Startup/startup_ch32v30x_D8C.o
LOAD ./Peripheral/src/ch32v30x_adc.o
LOAD ./Peripheral/src/ch32v30x_bkp.o
LOAD ./Peripheral/src/ch32v30x_can.o
LOAD ./Peripheral/src/ch32v30x_crc.o
LOAD ./Peripheral/src/ch32v30x_dac.o
LOAD ./Peripheral/src/ch32v30x_dbgmcu.o
LOAD ./Peripheral/src/ch32v30x_dma.o
LOAD ./Peripheral/src/ch32v30x_dvp.o
LOAD ./Peripheral/src/ch32v30x_eth.o
LOAD ./Peripheral/src/ch32v30x_exti.o
LOAD ./Peripheral/src/ch32v30x_flash.o
LOAD ./Peripheral/src/ch32v30x_fsmc.o
LOAD ./Peripheral/src/ch32v30x_gpio.o
LOAD ./Peripheral/src/ch32v30x_i2c.o
LOAD ./Peripheral/src/ch32v30x_iwdg.o
LOAD ./Peripheral/src/ch32v30x_misc.o
LOAD ./Peripheral/src/ch32v30x_opa.o
LOAD ./Peripheral/src/ch32v30x_pwr.o
LOAD ./Peripheral/src/ch32v30x_rcc.o
LOAD ./Peripheral/src/ch32v30x_rng.o
LOAD ./Peripheral/src/ch32v30x_rtc.o
LOAD ./Peripheral/src/ch32v30x_sdio.o
LOAD ./Peripheral/src/ch32v30x_spi.o
LOAD ./Peripheral/src/ch32v30x_tim.o
LOAD ./Peripheral/src/ch32v30x_usart.o
LOAD ./Peripheral/src/ch32v30x_wwdg.o
LOAD ./Hardware/dvp.o
LOAD ./Hardware/ov.o
LOAD ./Hardware/propeller.o
LOAD ./Hardware/uart5.o
LOAD ./Debug/debug.o
LOAD ./Core/core_riscv.o
LOAD c:/mounriver/mounriver_studio/toolchain/risc-v embedded gcc/bin/../lib/gcc/riscv-none-embed/8.2.0/../../../../riscv-none-embed/lib/rv32imacxw/ilp32\libm.a
LOAD c:/mounriver/mounriver_studio/toolchain/risc-v embedded gcc/bin/../lib/gcc/riscv-none-embed/8.2.0/rv32imacxw/ilp32\libgcc.a
LOAD c:/mounriver/mounriver_studio/toolchain/risc-v embedded gcc/bin/../lib/gcc/riscv-none-embed/8.2.0/../../../../riscv-none-embed/lib/rv32imacxw/ilp32\libg_nano.a
LOAD c:/mounriver/mounriver_studio/toolchain/risc-v embedded gcc/bin/../lib/gcc/riscv-none-embed/8.2.0/../../../../riscv-none-embed/lib/rv32imacxw/ilp32\libc_nano.a
LOAD c:/mounriver/mounriver_studio/toolchain/risc-v embedded gcc/bin/../lib/gcc/riscv-none-embed/8.2.0/rv32imacxw/ilp32\libgcc.a
START GROUP
LOAD c:/mounriver/mounriver_studio/toolchain/risc-v embedded gcc/bin/../lib/gcc/riscv-none-embed/8.2.0/rv32imacxw/ilp32\libgcc.a
LOAD c:/mounriver/mounriver_studio/toolchain/risc-v embedded gcc/bin/../lib/gcc/riscv-none-embed/8.2.0/../../../../riscv-none-embed/lib/rv32imacxw/ilp32\libc_nano.a
LOAD c:/mounriver/mounriver_studio/toolchain/risc-v embedded gcc/bin/../lib/gcc/riscv-none-embed/8.2.0/../../../../riscv-none-embed/lib/rv32imacxw/ilp32\libnosys.a
END GROUP
START GROUP
LOAD c:/mounriver/mounriver_studio/toolchain/risc-v embedded gcc/bin/../lib/gcc/riscv-none-embed/8.2.0/rv32imacxw/ilp32\libgcc.a
LOAD c:/mounriver/mounriver_studio/toolchain/risc-v embedded gcc/bin/../lib/gcc/riscv-none-embed/8.2.0/../../../../riscv-none-embed/lib/rv32imacxw/ilp32\libc_nano.a
LOAD c:/mounriver/mounriver_studio/toolchain/risc-v embedded gcc/bin/../lib/gcc/riscv-none-embed/8.2.0/../../../../riscv-none-embed/lib/rv32imacxw/ilp32\libnosys.a
END GROUP
                0x0000000000000800                __stack_size = 0x800
                [!provide]                        PROVIDE (_stack_size = __stack_size)

.init           0x0000000000000000       0x38
                0x0000000000000000                _sinit = .
                0x0000000000000000                . = ALIGN (0x4)
 *(SORT_NONE(.init))
 .init          0x0000000000000000       0x38 ./Startup/startup_ch32v30x_D8C.o
                0x0000000000000000                _start
                0x0000000000000038                . = ALIGN (0x4)
                0x0000000000000038                _einit = .

.vector         0x0000000000000038      0x1c8
 *(.vector)
 .vector        0x0000000000000038      0x1a0 ./Startup/startup_ch32v30x_D8C.o
                0x0000000000000200                . = ALIGN (0x40)
 *fill*         0x00000000000001d8       0x28 

.text           0x0000000000000200     0x2828
                0x0000000000000200                . = ALIGN (0x4)
 *(.text)
 .text          0x0000000000000200       0x60 c:/mounriver/mounriver_studio/toolchain/risc-v embedded gcc/bin/../lib/gcc/riscv-none-embed/8.2.0/rv32imacxw/ilp32\libgcc.a(save-restore.o)
                0x0000000000000200                __riscv_save_12
                0x0000000000000208                __riscv_save_9
                0x0000000000000208                __riscv_save_11
                0x0000000000000208                __riscv_save_10
                0x0000000000000208                __riscv_save_8
                0x0000000000000216                __riscv_save_4
                0x0000000000000216                __riscv_save_6
                0x0000000000000216                __riscv_save_5
                0x0000000000000216                __riscv_save_7
                0x0000000000000230                __riscv_save_3
                0x0000000000000230                __riscv_save_2
                0x0000000000000230                __riscv_save_1
                0x0000000000000230                __riscv_save_0
                0x000000000000023c                __riscv_restore_12
                0x0000000000000240                __riscv_restore_11
                0x0000000000000240                __riscv_restore_9
                0x0000000000000240                __riscv_restore_10
                0x0000000000000240                __riscv_restore_8
                0x000000000000024a                __riscv_restore_5
                0x000000000000024a                __riscv_restore_7
                0x000000000000024a                __riscv_restore_6
                0x000000000000024a                __riscv_restore_4
                0x0000000000000254                __riscv_restore_3
                0x0000000000000254                __riscv_restore_0
                0x0000000000000254                __riscv_restore_2
                0x0000000000000254                __riscv_restore_1
 .text          0x0000000000000260       0xa8 c:/mounriver/mounriver_studio/toolchain/risc-v embedded gcc/bin/../lib/gcc/riscv-none-embed/8.2.0/../../../../riscv-none-embed/lib/rv32imacxw/ilp32\libg_nano.a(lib_a-memset.o)
                0x0000000000000260                memset
 *(.text.*)
 .text.NMI_Handler
                0x0000000000000308        0x4 ./User/ch32v30x_it.o
                0x0000000000000308                NMI_Handler
 .text.HardFault_Handler
                0x000000000000030c        0x2 ./User/ch32v30x_it.o
                0x000000000000030c                HardFault_Handler
 .text.startup.main
                0x000000000000030e       0xe0 ./User/main.o
                0x000000000000030e                main
 .text.SystemInit
                0x00000000000003ee       0xfa ./User/system_ch32v30x.o
                0x00000000000003ee                SystemInit
 .text.SystemCoreClockUpdate
                0x00000000000004e8       0xbe ./User/system_ch32v30x.o
                0x00000000000004e8                SystemCoreClockUpdate
 .text.vector_handler
                0x00000000000005a6       0xbe ./Startup/startup_ch32v30x_D8C.o
                0x00000000000005aa                Ecall_M_Mode_Handler
                0x00000000000005ac                Ecall_U_Mode_Handler
                0x00000000000005ae                Break_Point_Handler
                0x00000000000005b0                SysTick_Handler
                0x00000000000005b2                SW_Handler
                0x00000000000005b4                WWDG_IRQHandler
                0x00000000000005b6                PVD_IRQHandler
                0x00000000000005b8                TAMPER_IRQHandler
                0x00000000000005ba                RTC_IRQHandler
                0x00000000000005bc                FLASH_IRQHandler
                0x00000000000005be                RCC_IRQHandler
                0x00000000000005c0                EXTI0_IRQHandler
                0x00000000000005c2                EXTI1_IRQHandler
                0x00000000000005c4                EXTI2_IRQHandler
                0x00000000000005c6                EXTI3_IRQHandler
                0x00000000000005c8                EXTI4_IRQHandler
                0x00000000000005ca                DMA1_Channel1_IRQHandler
                0x00000000000005cc                DMA1_Channel2_IRQHandler
                0x00000000000005ce                DMA1_Channel3_IRQHandler
                0x00000000000005d0                DMA1_Channel4_IRQHandler
                0x00000000000005d2                DMA1_Channel5_IRQHandler
                0x00000000000005d4                DMA1_Channel6_IRQHandler
                0x00000000000005d6                DMA1_Channel7_IRQHandler
                0x00000000000005d8                ADC1_2_IRQHandler
                0x00000000000005da                USB_HP_CAN1_TX_IRQHandler
                0x00000000000005dc                USB_LP_CAN1_RX0_IRQHandler
                0x00000000000005de                CAN1_RX1_IRQHandler
                0x00000000000005e0                CAN1_SCE_IRQHandler
                0x00000000000005e2                EXTI9_5_IRQHandler
                0x00000000000005e4                TIM1_BRK_IRQHandler
                0x00000000000005e6                TIM1_UP_IRQHandler
                0x00000000000005e8                TIM1_TRG_COM_IRQHandler
                0x00000000000005ea                TIM1_CC_IRQHandler
                0x00000000000005ec                TIM2_IRQHandler
                0x00000000000005ee                TIM3_IRQHandler
                0x00000000000005f0                TIM4_IRQHandler
                0x00000000000005f2                I2C1_EV_IRQHandler
                0x00000000000005f4                I2C1_ER_IRQHandler
                0x00000000000005f6                I2C2_EV_IRQHandler
                0x00000000000005f8                I2C2_ER_IRQHandler
                0x00000000000005fa                SPI1_IRQHandler
                0x00000000000005fc                SPI2_IRQHandler
                0x00000000000005fe                USART1_IRQHandler
                0x0000000000000600                USART2_IRQHandler
                0x0000000000000602                USART3_IRQHandler
                0x0000000000000604                EXTI15_10_IRQHandler
                0x0000000000000606                RTCAlarm_IRQHandler
                0x0000000000000608                USBWakeUp_IRQHandler
                0x000000000000060a                TIM8_BRK_IRQHandler
                0x000000000000060c                TIM8_UP_IRQHandler
                0x000000000000060e                TIM8_TRG_COM_IRQHandler
                0x0000000000000610                TIM8_CC_IRQHandler
                0x0000000000000612                RNG_IRQHandler
                0x0000000000000614                FSMC_IRQHandler
                0x0000000000000616                SDIO_IRQHandler
                0x0000000000000618                TIM5_IRQHandler
                0x000000000000061a                SPI3_IRQHandler
                0x000000000000061c                UART4_IRQHandler
                0x0000000000000620                TIM6_IRQHandler
                0x0000000000000622                TIM7_IRQHandler
                0x0000000000000624                DMA2_Channel1_IRQHandler
                0x0000000000000626                DMA2_Channel2_IRQHandler
                0x0000000000000628                DMA2_Channel3_IRQHandler
                0x000000000000062a                DMA2_Channel4_IRQHandler
                0x000000000000062c                DMA2_Channel5_IRQHandler
                0x000000000000062e                ETH_IRQHandler
                0x0000000000000630                ETH_WKUP_IRQHandler
                0x0000000000000632                CAN2_TX_IRQHandler
                0x0000000000000634                CAN2_RX0_IRQHandler
                0x0000000000000636                CAN2_RX1_IRQHandler
                0x0000000000000638                CAN2_SCE_IRQHandler
                0x000000000000063a                OTG_FS_IRQHandler
                0x000000000000063c                USBHSWakeup_IRQHandler
                0x000000000000063e                USBHS_IRQHandler
                0x0000000000000642                UART6_IRQHandler
                0x0000000000000644                UART7_IRQHandler
                0x0000000000000646                UART8_IRQHandler
                0x0000000000000648                TIM9_BRK_IRQHandler
                0x000000000000064a                TIM9_UP_IRQHandler
                0x000000000000064c                TIM9_TRG_COM_IRQHandler
                0x000000000000064e                TIM9_CC_IRQHandler
                0x0000000000000650                TIM10_BRK_IRQHandler
                0x0000000000000652                TIM10_UP_IRQHandler
                0x0000000000000654                TIM10_TRG_COM_IRQHandler
                0x0000000000000656                TIM10_CC_IRQHandler
                0x0000000000000658                DMA2_Channel6_IRQHandler
                0x000000000000065a                DMA2_Channel7_IRQHandler
                0x000000000000065c                DMA2_Channel8_IRQHandler
                0x000000000000065e                DMA2_Channel9_IRQHandler
                0x0000000000000660                DMA2_Channel10_IRQHandler
                0x0000000000000662                DMA2_Channel11_IRQHandler
 .text.handle_reset
                0x0000000000000664       0x8a ./Startup/startup_ch32v30x_D8C.o
                0x0000000000000664                handle_reset
 .text.DBGMCU_GetCHIPID
                0x00000000000006ee        0xa ./Peripheral/src/ch32v30x_dbgmcu.o
                0x00000000000006ee                DBGMCU_GetCHIPID
 .text.GPIO_Init
                0x00000000000006f8       0xc0 ./Peripheral/src/ch32v30x_gpio.o
                0x00000000000006f8                GPIO_Init
 .text.GPIO_SetBits
                0x00000000000007b8        0x4 ./Peripheral/src/ch32v30x_gpio.o
                0x00000000000007b8                GPIO_SetBits
 .text.GPIO_PinRemapConfig
                0x00000000000007bc       0xd6 ./Peripheral/src/ch32v30x_gpio.o
                0x00000000000007bc                GPIO_PinRemapConfig
 .text.NVIC_PriorityGroupConfig
                0x0000000000000892        0x6 ./Peripheral/src/ch32v30x_misc.o
                0x0000000000000892                NVIC_PriorityGroupConfig
 .text.NVIC_Init
                0x0000000000000898       0xa6 ./Peripheral/src/ch32v30x_misc.o
                0x0000000000000898                NVIC_Init
 .text.RCC_GetClocksFreq
                0x000000000000093e      0x176 ./Peripheral/src/ch32v30x_rcc.o
                0x000000000000093e                RCC_GetClocksFreq
 .text.RCC_AHBPeriphClockCmd
                0x0000000000000ab4       0x1e ./Peripheral/src/ch32v30x_rcc.o
                0x0000000000000ab4                RCC_AHBPeriphClockCmd
 .text.RCC_APB2PeriphClockCmd
                0x0000000000000ad2       0x1e ./Peripheral/src/ch32v30x_rcc.o
                0x0000000000000ad2                RCC_APB2PeriphClockCmd
 .text.RCC_APB1PeriphClockCmd
                0x0000000000000af0       0x1e ./Peripheral/src/ch32v30x_rcc.o
                0x0000000000000af0                RCC_APB1PeriphClockCmd
 .text.USART_Init
                0x0000000000000b0e       0xba ./Peripheral/src/ch32v30x_usart.o
                0x0000000000000b0e                USART_Init
 .text.USART_Cmd
                0x0000000000000bc8       0x16 ./Peripheral/src/ch32v30x_usart.o
                0x0000000000000bc8                USART_Cmd
 .text.USART_ITConfig
                0x0000000000000bde       0x36 ./Peripheral/src/ch32v30x_usart.o
                0x0000000000000bde                USART_ITConfig
 .text.USART_SendData
                0x0000000000000c14        0x8 ./Peripheral/src/ch32v30x_usart.o
                0x0000000000000c14                USART_SendData
 .text.USART_ReceiveData
                0x0000000000000c1c        0x8 ./Peripheral/src/ch32v30x_usart.o
                0x0000000000000c1c                USART_ReceiveData
 .text.USART_GetFlagStatus
                0x0000000000000c24        0xa ./Peripheral/src/ch32v30x_usart.o
                0x0000000000000c24                USART_GetFlagStatus
 .text.USART_GetITStatus
                0x0000000000000c2e       0x3c ./Peripheral/src/ch32v30x_usart.o
                0x0000000000000c2e                USART_GetITStatus
 .text.USART_ClearITPendingBit
                0x0000000000000c6a       0x14 ./Peripheral/src/ch32v30x_usart.o
                0x0000000000000c6a                USART_ClearITPendingBit
 .text.DVP_Init
                0x0000000000000c7e       0xa4 ./Hardware/dvp.o
                0x0000000000000c7e                DVP_Init
 .text.DVP_IRQHandler
                0x0000000000000d22       0xba ./Hardware/dvp.o
                0x0000000000000d22                DVP_IRQHandler
 .text.GetGray_RGB565
                0x0000000000000ddc       0x5e ./Hardware/dvp.o
                0x0000000000000ddc                GetGray_RGB565
 .text.SCCB_GPIO_Init
                0x0000000000000e3a       0x4e ./Hardware/ov.o
                0x0000000000000e3a                SCCB_GPIO_Init
 .text.SCCB_Start
                0x0000000000000e88       0x3a ./Hardware/ov.o
                0x0000000000000e88                SCCB_Start
 .text.SCCB_Stop
                0x0000000000000ec2       0x3e ./Hardware/ov.o
                0x0000000000000ec2                SCCB_Stop
 .text.SCCB_No_Ack
                0x0000000000000f00       0x4a ./Hardware/ov.o
                0x0000000000000f00                SCCB_No_Ack
 .text.SCCB_WR_Byte
                0x0000000000000f4a       0xa4 ./Hardware/ov.o
                0x0000000000000f4a                SCCB_WR_Byte
 .text.SCCB_RD_Byte
                0x0000000000000fee       0x86 ./Hardware/ov.o
                0x0000000000000fee                SCCB_RD_Byte
 .text.SCCB_WR_Reg
                0x0000000000001074       0x44 ./Hardware/ov.o
                0x0000000000001074                SCCB_WR_Reg
 .text.SCCB_RD_Reg
                0x00000000000010b8       0x46 ./Hardware/ov.o
                0x00000000000010b8                SCCB_RD_Reg
 .text.DVP_GPIO_Init
                0x00000000000010fe       0x7e ./Hardware/ov.o
                0x00000000000010fe                DVP_GPIO_Init
 .text.OV2640_Init
                0x000000000000117c       0xb6 ./Hardware/ov.o
                0x000000000000117c                OV2640_Init
 .text.OV2640_RGB565_Mode
                0x0000000000001232       0x1e ./Hardware/ov.o
                0x0000000000001232                OV2640_RGB565_Mode
 .text.OV2640_OutSize_Set
                0x0000000000001250       0x60 ./Hardware/ov.o
                0x0000000000001250                OV2640_OutSize_Set
 .text.OV2640_Speed_Set
                0x00000000000012b0       0x2a ./Hardware/ov.o
                0x00000000000012b0                OV2640_Speed_Set
 .text.OV2640_Light_Mode
                0x00000000000012da       0x90 ./Hardware/ov.o
                0x00000000000012da                OV2640_Light_Mode
 .text.RGB565_Mode_Init
                0x000000000000136a       0x1e ./Hardware/ov.o
                0x000000000000136a                RGB565_Mode_Init
 .text.Propeller_Init
                0x0000000000001388       0x38 ./Hardware/propeller.o
                0x0000000000001388                Propeller_Init
 .text.UART5_Init
                0x00000000000013c0       0xae ./Hardware/uart5.o
                0x00000000000013c0                UART5_Init
 .text.UART5_IRQHandler
                0x000000000000146e       0x3c ./Hardware/uart5.o
                0x000000000000146e                UART5_IRQHandler
 .text.Serial_GetRxFlag
                0x00000000000014aa       0x16 ./Hardware/uart5.o
                0x00000000000014aa                Serial_GetRxFlag
 .text.Serial_GetRxData
                0x00000000000014c0        0x6 ./Hardware/uart5.o
                0x00000000000014c0                Serial_GetRxData
 .text.Delay_Init
                0x00000000000014c6       0x2a ./Debug/debug.o
                0x00000000000014c6                Delay_Init
 .text.Delay_Us
                0x00000000000014f0       0x36 ./Debug/debug.o
                0x00000000000014f0                Delay_Us
 .text.Delay_Ms
                0x0000000000001526       0x36 ./Debug/debug.o
                0x0000000000001526                Delay_Ms
 .text._write   0x000000000000155c       0x3a ./Debug/debug.o
                0x000000000000155c                _write
 .text._sbrk    0x0000000000001596       0x26 ./Debug/debug.o
                0x0000000000001596                _sbrk
 .text.printf   0x00000000000015bc       0x40 c:/mounriver/mounriver_studio/toolchain/risc-v embedded gcc/bin/../lib/gcc/riscv-none-embed/8.2.0/../../../../riscv-none-embed/lib/rv32imacxw/ilp32\libg_nano.a(lib_a-printf.o)
                0x00000000000015bc                iprintf
                0x00000000000015bc                printf
 .text._puts_r  0x00000000000015fc       0xd4 c:/mounriver/mounriver_studio/toolchain/risc-v embedded gcc/bin/../lib/gcc/riscv-none-embed/8.2.0/../../../../riscv-none-embed/lib/rv32imacxw/ilp32\libg_nano.a(lib_a-puts.o)
                0x00000000000015fc                _puts_r
 .text.puts     0x00000000000016d0        0xa c:/mounriver/mounriver_studio/toolchain/risc-v embedded gcc/bin/../lib/gcc/riscv-none-embed/8.2.0/../../../../riscv-none-embed/lib/rv32imacxw/ilp32\libg_nano.a(lib_a-puts.o)
                0x00000000000016d0                puts
 .text.__swbuf_r
                0x00000000000016da       0xbc c:/mounriver/mounriver_studio/toolchain/risc-v embedded gcc/bin/../lib/gcc/riscv-none-embed/8.2.0/../../../../riscv-none-embed/lib/rv32imacxw/ilp32\libg_nano.a(lib_a-wbuf.o)
                0x00000000000016da                __swbuf_r
 .text.__swsetup_r
                0x0000000000001796       0xfc c:/mounriver/mounriver_studio/toolchain/risc-v embedded gcc/bin/../lib/gcc/riscv-none-embed/8.2.0/../../../../riscv-none-embed/lib/rv32imacxw/ilp32\libg_nano.a(lib_a-wsetup.o)
                0x0000000000001796                __swsetup_r
 .text.__sflush_r
                0x0000000000001892      0x130 c:/mounriver/mounriver_studio/toolchain/risc-v embedded gcc/bin/../lib/gcc/riscv-none-embed/8.2.0/../../../../riscv-none-embed/lib/rv32imacxw/ilp32\libg_nano.a(lib_a-fflush.o)
                0x0000000000001892                __sflush_r
 .text._fflush_r
                0x00000000000019c2       0x64 c:/mounriver/mounriver_studio/toolchain/risc-v embedded gcc/bin/../lib/gcc/riscv-none-embed/8.2.0/../../../../riscv-none-embed/lib/rv32imacxw/ilp32\libg_nano.a(lib_a-fflush.o)
                0x00000000000019c2                _fflush_r
 .text.std      0x0000000000001a26       0x66 c:/mounriver/mounriver_studio/toolchain/risc-v embedded gcc/bin/../lib/gcc/riscv-none-embed/8.2.0/../../../../riscv-none-embed/lib/rv32imacxw/ilp32\libg_nano.a(lib_a-findfp.o)
 .text._cleanup_r
                0x0000000000001a8c        0xa c:/mounriver/mounriver_studio/toolchain/risc-v embedded gcc/bin/../lib/gcc/riscv-none-embed/8.2.0/../../../../riscv-none-embed/lib/rv32imacxw/ilp32\libg_nano.a(lib_a-findfp.o)
                0x0000000000001a8c                _cleanup_r
 .text.__sfmoreglue
                0x0000000000001a96       0x46 c:/mounriver/mounriver_studio/toolchain/risc-v embedded gcc/bin/../lib/gcc/riscv-none-embed/8.2.0/../../../../riscv-none-embed/lib/rv32imacxw/ilp32\libg_nano.a(lib_a-findfp.o)
                0x0000000000001a96                __sfmoreglue
 .text.__sinit  0x0000000000001adc       0x66 c:/mounriver/mounriver_studio/toolchain/risc-v embedded gcc/bin/../lib/gcc/riscv-none-embed/8.2.0/../../../../riscv-none-embed/lib/rv32imacxw/ilp32\libg_nano.a(lib_a-findfp.o)
                0x0000000000001adc                __sinit
 .text.__sfp    0x0000000000001b42       0x9c c:/mounriver/mounriver_studio/toolchain/risc-v embedded gcc/bin/../lib/gcc/riscv-none-embed/8.2.0/../../../../riscv-none-embed/lib/rv32imacxw/ilp32\libg_nano.a(lib_a-findfp.o)
                0x0000000000001b42                __sfp
 .text._fwalk_reent
                0x0000000000001bde       0x6a c:/mounriver/mounriver_studio/toolchain/risc-v embedded gcc/bin/../lib/gcc/riscv-none-embed/8.2.0/../../../../riscv-none-embed/lib/rv32imacxw/ilp32\libg_nano.a(lib_a-fwalk.o)
                0x0000000000001bde                _fwalk_reent
 .text.__swhatbuf_r
                0x0000000000001c48       0x58 c:/mounriver/mounriver_studio/toolchain/risc-v embedded gcc/bin/../lib/gcc/riscv-none-embed/8.2.0/../../../../riscv-none-embed/lib/rv32imacxw/ilp32\libg_nano.a(lib_a-makebuf.o)
                0x0000000000001c48                __swhatbuf_r
 .text.__smakebuf_r
                0x0000000000001ca0       0x90 c:/mounriver/mounriver_studio/toolchain/risc-v embedded gcc/bin/../lib/gcc/riscv-none-embed/8.2.0/../../../../riscv-none-embed/lib/rv32imacxw/ilp32\libg_nano.a(lib_a-makebuf.o)
                0x0000000000001ca0                __smakebuf_r
 .text._free_r  0x0000000000001d30       0xa8 c:/mounriver/mounriver_studio/toolchain/risc-v embedded gcc/bin/../lib/gcc/riscv-none-embed/8.2.0/../../../../riscv-none-embed/lib/rv32imacxw/ilp32\libg_nano.a(lib_a-nano-freer.o)
                0x0000000000001d30                _free_r
 .text._malloc_r
                0x0000000000001dd8       0xd4 c:/mounriver/mounriver_studio/toolchain/risc-v embedded gcc/bin/../lib/gcc/riscv-none-embed/8.2.0/../../../../riscv-none-embed/lib/rv32imacxw/ilp32\libg_nano.a(lib_a-nano-mallocr.o)
                0x0000000000001dd8                _malloc_r
 .text.__sfputc_r
                0x0000000000001eac       0x28 c:/mounriver/mounriver_studio/toolchain/risc-v embedded gcc/bin/../lib/gcc/riscv-none-embed/8.2.0/../../../../riscv-none-embed/lib/rv32imacxw/ilp32\libg_nano.a(lib_a-nano-vfprintf.o)
 .text.__sfputs_r
                0x0000000000001ed4       0x40 c:/mounriver/mounriver_studio/toolchain/risc-v embedded gcc/bin/../lib/gcc/riscv-none-embed/8.2.0/../../../../riscv-none-embed/lib/rv32imacxw/ilp32\libg_nano.a(lib_a-nano-vfprintf.o)
                0x0000000000001ed4                __sfputs_r
 .text._vfprintf_r
                0x0000000000001f14      0x286 c:/mounriver/mounriver_studio/toolchain/risc-v embedded gcc/bin/../lib/gcc/riscv-none-embed/8.2.0/../../../../riscv-none-embed/lib/rv32imacxw/ilp32\libg_nano.a(lib_a-nano-vfprintf.o)
                0x0000000000001f14                _vfprintf_r
                0x0000000000001f14                _vfiprintf_r
 .text._printf_common
                0x000000000000219a      0x10c c:/mounriver/mounriver_studio/toolchain/risc-v embedded gcc/bin/../lib/gcc/riscv-none-embed/8.2.0/../../../../riscv-none-embed/lib/rv32imacxw/ilp32\libg_nano.a(lib_a-nano-vfprintf_i.o)
                0x000000000000219a                _printf_common
 .text._printf_i
                0x00000000000022a6      0x2a0 c:/mounriver/mounriver_studio/toolchain/risc-v embedded gcc/bin/../lib/gcc/riscv-none-embed/8.2.0/../../../../riscv-none-embed/lib/rv32imacxw/ilp32\libg_nano.a(lib_a-nano-vfprintf_i.o)
                0x00000000000022a6                _printf_i
 .text._sbrk_r  0x0000000000002546       0x2a c:/mounriver/mounriver_studio/toolchain/risc-v embedded gcc/bin/../lib/gcc/riscv-none-embed/8.2.0/../../../../riscv-none-embed/lib/rv32imacxw/ilp32\libg_nano.a(lib_a-sbrkr.o)
                0x0000000000002546                _sbrk_r
 .text.__sread  0x0000000000002570       0x2c c:/mounriver/mounriver_studio/toolchain/risc-v embedded gcc/bin/../lib/gcc/riscv-none-embed/8.2.0/../../../../riscv-none-embed/lib/rv32imacxw/ilp32\libg_nano.a(lib_a-stdio.o)
                0x0000000000002570                __sread
 .text.__swrite
                0x000000000000259c       0x48 c:/mounriver/mounriver_studio/toolchain/risc-v embedded gcc/bin/../lib/gcc/riscv-none-embed/8.2.0/../../../../riscv-none-embed/lib/rv32imacxw/ilp32\libg_nano.a(lib_a-stdio.o)
                0x000000000000259c                __swrite
 .text.__sseek  0x00000000000025e4       0x30 c:/mounriver/mounriver_studio/toolchain/risc-v embedded gcc/bin/../lib/gcc/riscv-none-embed/8.2.0/../../../../riscv-none-embed/lib/rv32imacxw/ilp32\libg_nano.a(lib_a-stdio.o)
                0x00000000000025e4                __sseek
 .text.__sclose
                0x0000000000002614        0x6 c:/mounriver/mounriver_studio/toolchain/risc-v embedded gcc/bin/../lib/gcc/riscv-none-embed/8.2.0/../../../../riscv-none-embed/lib/rv32imacxw/ilp32\libg_nano.a(lib_a-stdio.o)
                0x0000000000002614                __sclose
 .text._write_r
                0x000000000000261a       0x2e c:/mounriver/mounriver_studio/toolchain/risc-v embedded gcc/bin/../lib/gcc/riscv-none-embed/8.2.0/../../../../riscv-none-embed/lib/rv32imacxw/ilp32\libg_nano.a(lib_a-writer.o)
                0x000000000000261a                _write_r
 .text._close_r
                0x0000000000002648       0x28 c:/mounriver/mounriver_studio/toolchain/risc-v embedded gcc/bin/../lib/gcc/riscv-none-embed/8.2.0/../../../../riscv-none-embed/lib/rv32imacxw/ilp32\libg_nano.a(lib_a-closer.o)
                0x0000000000002648                _close_r
 .text._fstat_r
                0x0000000000002670       0x2a c:/mounriver/mounriver_studio/toolchain/risc-v embedded gcc/bin/../lib/gcc/riscv-none-embed/8.2.0/../../../../riscv-none-embed/lib/rv32imacxw/ilp32\libg_nano.a(lib_a-fstatr.o)
                0x0000000000002670                _fstat_r
 .text._isatty_r
                0x000000000000269a       0x28 c:/mounriver/mounriver_studio/toolchain/risc-v embedded gcc/bin/../lib/gcc/riscv-none-embed/8.2.0/../../../../riscv-none-embed/lib/rv32imacxw/ilp32\libg_nano.a(lib_a-isattyr.o)
                0x000000000000269a                _isatty_r
 .text._lseek_r
                0x00000000000026c2       0x2c c:/mounriver/mounriver_studio/toolchain/risc-v embedded gcc/bin/../lib/gcc/riscv-none-embed/8.2.0/../../../../riscv-none-embed/lib/rv32imacxw/ilp32\libg_nano.a(lib_a-lseekr.o)
                0x00000000000026c2                _lseek_r
 .text.memchr   0x00000000000026ee       0x18 c:/mounriver/mounriver_studio/toolchain/risc-v embedded gcc/bin/../lib/gcc/riscv-none-embed/8.2.0/../../../../riscv-none-embed/lib/rv32imacxw/ilp32\libg_nano.a(lib_a-memchr.o)
                0x00000000000026ee                memchr
 .text.__malloc_lock
                0x0000000000002706        0x2 c:/mounriver/mounriver_studio/toolchain/risc-v embedded gcc/bin/../lib/gcc/riscv-none-embed/8.2.0/../../../../riscv-none-embed/lib/rv32imacxw/ilp32\libg_nano.a(lib_a-mlock.o)
                0x0000000000002706                __malloc_lock
 .text.__malloc_unlock
                0x0000000000002708        0x2 c:/mounriver/mounriver_studio/toolchain/risc-v embedded gcc/bin/../lib/gcc/riscv-none-embed/8.2.0/../../../../riscv-none-embed/lib/rv32imacxw/ilp32\libg_nano.a(lib_a-mlock.o)
                0x0000000000002708                __malloc_unlock
 .text._read_r  0x000000000000270a       0x2c c:/mounriver/mounriver_studio/toolchain/risc-v embedded gcc/bin/../lib/gcc/riscv-none-embed/8.2.0/../../../../riscv-none-embed/lib/rv32imacxw/ilp32\libg_nano.a(lib_a-readr.o)
                0x000000000000270a                _read_r
 .text._close   0x0000000000002736        0xc c:/mounriver/mounriver_studio/toolchain/risc-v embedded gcc/bin/../lib/gcc/riscv-none-embed/8.2.0/../../../../riscv-none-embed/lib/rv32imacxw/ilp32\libnosys.a(close.o)
                0x0000000000002736                _close
 .text._fstat   0x0000000000002742        0xc c:/mounriver/mounriver_studio/toolchain/risc-v embedded gcc/bin/../lib/gcc/riscv-none-embed/8.2.0/../../../../riscv-none-embed/lib/rv32imacxw/ilp32\libnosys.a(fstat.o)
                0x0000000000002742                _fstat
 .text._isatty  0x000000000000274e        0xc c:/mounriver/mounriver_studio/toolchain/risc-v embedded gcc/bin/../lib/gcc/riscv-none-embed/8.2.0/../../../../riscv-none-embed/lib/rv32imacxw/ilp32\libnosys.a(isatty.o)
                0x000000000000274e                _isatty
 .text._lseek   0x000000000000275a        0xc c:/mounriver/mounriver_studio/toolchain/risc-v embedded gcc/bin/../lib/gcc/riscv-none-embed/8.2.0/../../../../riscv-none-embed/lib/rv32imacxw/ilp32\libnosys.a(lseek.o)
                0x000000000000275a                _lseek
 .text._read    0x0000000000002766        0xc c:/mounriver/mounriver_studio/toolchain/risc-v embedded gcc/bin/../lib/gcc/riscv-none-embed/8.2.0/../../../../riscv-none-embed/lib/rv32imacxw/ilp32\libnosys.a(read.o)
                0x0000000000002766                _read
 *(.rodata)
 *(.rodata*)
 *fill*         0x0000000000002772        0x2 
 .rodata.main.str1.4
                0x0000000000002774       0x6c ./User/main.o
 .rodata.DVP_IRQHandler.str1.4
                0x00000000000027e0        0x9 ./Hardware/dvp.o
 *fill*         0x00000000000027e9        0x3 
 .rodata.OV2640_Init.str1.4
                0x00000000000027ec       0x17 ./Hardware/ov.o
 *fill*         0x0000000000002803        0x1 
 .rodata.OV2640_InitRegTbl
                0x0000000000002804      0x16a ./Hardware/ov.o
                0x0000000000002804                OV2640_InitRegTbl
 *fill*         0x000000000000296e        0x2 
 .rodata.OV2640_RGB565RegTbl
                0x0000000000002970       0x1c ./Hardware/ov.o
                0x0000000000002970                OV2640_RGB565RegTbl
 .rodata.__sf_fake_stderr
                0x000000000000298c       0x20 c:/mounriver/mounriver_studio/toolchain/risc-v embedded gcc/bin/../lib/gcc/riscv-none-embed/8.2.0/../../../../riscv-none-embed/lib/rv32imacxw/ilp32\libg_nano.a(lib_a-findfp.o)
                0x000000000000298c                __sf_fake_stderr
 .rodata.__sf_fake_stdin
                0x00000000000029ac       0x20 c:/mounriver/mounriver_studio/toolchain/risc-v embedded gcc/bin/../lib/gcc/riscv-none-embed/8.2.0/../../../../riscv-none-embed/lib/rv32imacxw/ilp32\libg_nano.a(lib_a-findfp.o)
                0x00000000000029ac                __sf_fake_stdin
 .rodata.__sf_fake_stdout
                0x00000000000029cc       0x20 c:/mounriver/mounriver_studio/toolchain/risc-v embedded gcc/bin/../lib/gcc/riscv-none-embed/8.2.0/../../../../riscv-none-embed/lib/rv32imacxw/ilp32\libg_nano.a(lib_a-findfp.o)
                0x00000000000029cc                __sf_fake_stdout
 .rodata._vfprintf_r.str1.4
                0x00000000000029ec       0x13 c:/mounriver/mounriver_studio/toolchain/risc-v embedded gcc/bin/../lib/gcc/riscv-none-embed/8.2.0/../../../../riscv-none-embed/lib/rv32imacxw/ilp32\libg_nano.a(lib_a-nano-vfprintf.o)
 *fill*         0x00000000000029ff        0x1 
 .rodata._printf_i.str1.4
                0x0000000000002a00       0x28 c:/mounriver/mounriver_studio/toolchain/risc-v embedded gcc/bin/../lib/gcc/riscv-none-embed/8.2.0/../../../../riscv-none-embed/lib/rv32imacxw/ilp32\libg_nano.a(lib_a-nano-vfprintf_i.o)
                                         0x25 (size before relaxing)
 *(.gnu.linkonce.t.*)
                0x0000000000002a28                . = ALIGN (0x4)

.rela.dyn       0x0000000000002a28        0x0
 .rela.init     0x0000000000002a28        0x0 ./User/ch32v30x_it.o
 .rela.vector   0x0000000000002a28        0x0 ./User/ch32v30x_it.o
 .rela.text.handle_reset
                0x0000000000002a28        0x0 ./User/ch32v30x_it.o
 .rela.text._sbrk
                0x0000000000002a28        0x0 ./User/ch32v30x_it.o
 .rela.sdata.curbrk.5269
                0x0000000000002a28        0x0 ./User/ch32v30x_it.o
 .rela.text._vfprintf_r
                0x0000000000002a28        0x0 ./User/ch32v30x_it.o
 .rela.text._sbrk_r
                0x0000000000002a28        0x0 ./User/ch32v30x_it.o
 .rela.text._write_r
                0x0000000000002a28        0x0 ./User/ch32v30x_it.o
 .rela.text._close_r
                0x0000000000002a28        0x0 ./User/ch32v30x_it.o
 .rela.text._fstat_r
                0x0000000000002a28        0x0 ./User/ch32v30x_it.o
 .rela.text._isatty_r
                0x0000000000002a28        0x0 ./User/ch32v30x_it.o
 .rela.text._lseek_r
                0x0000000000002a28        0x0 ./User/ch32v30x_it.o
 .rela.text._read_r
                0x0000000000002a28        0x0 ./User/ch32v30x_it.o
 .rela.text._close
                0x0000000000002a28        0x0 ./User/ch32v30x_it.o
 .rela.text._fstat
                0x0000000000002a28        0x0 ./User/ch32v30x_it.o
 .rela.text._isatty
                0x0000000000002a28        0x0 ./User/ch32v30x_it.o
 .rela.text._lseek
                0x0000000000002a28        0x0 ./User/ch32v30x_it.o
 .rela.text._read
                0x0000000000002a28        0x0 ./User/ch32v30x_it.o

.fini           0x0000000000002a28        0x0
 *(SORT_NONE(.fini))
                0x0000000000002a28                . = ALIGN (0x4)
                [!provide]                        PROVIDE (_etext = .)
                [!provide]                        PROVIDE (_eitcm = .)

.preinit_array  0x0000000000002a28        0x0
                [!provide]                        PROVIDE (__preinit_array_start = .)
 *(.preinit_array)
                [!provide]                        PROVIDE (__preinit_array_end = .)

.init_array     0x0000000000002a28        0x0
                [!provide]                        PROVIDE (__init_array_start = .)
 *(SORT_BY_INIT_PRIORITY(.init_array.*) SORT_BY_INIT_PRIORITY(.ctors.*))
 *(.init_array EXCLUDE_FILE(*crtend?.o *crtend.o *crtbegin?.o *crtbegin.o) .ctors)
                [!provide]                        PROVIDE (__init_array_end = .)

.fini_array     0x0000000000002a28        0x0
                [!provide]                        PROVIDE (__fini_array_start = .)
 *(SORT_BY_INIT_PRIORITY(.fini_array.*) SORT_BY_INIT_PRIORITY(.dtors.*))
 *(.fini_array EXCLUDE_FILE(*crtend?.o *crtend.o *crtbegin?.o *crtbegin.o) .dtors)
                [!provide]                        PROVIDE (__fini_array_end = .)

.ctors
 *crtbegin.o(.ctors)
 *crtbegin?.o(.ctors)
 *(EXCLUDE_FILE(*crtend?.o *crtend.o) .ctors)
 *(SORT_BY_NAME(.ctors.*))
 *(.ctors)

.dtors
 *crtbegin.o(.dtors)
 *crtbegin?.o(.dtors)
 *(EXCLUDE_FILE(*crtend?.o *crtend.o) .dtors)
 *(SORT_BY_NAME(.dtors.*))
 *(.dtors)

.dalign         0x0000000020000000        0x0 load address 0x0000000000002a28
                0x0000000020000000                . = ALIGN (0x4)
                0x0000000020000000                PROVIDE (_data_vma = .)

.dlalign        0x0000000000002a28        0x0
                0x0000000000002a28                . = ALIGN (0x4)
                0x0000000000002a28                PROVIDE (_data_lma = .)

.data           0x0000000020000000       0xa0 load address 0x0000000000002a28
 *(.gnu.linkonce.r.*)
 *(.data .data.*)
 .data.AHBPrescTable
                0x0000000020000000       0x10 ./User/system_ch32v30x.o
                0x0000000020000000                AHBPrescTable
 .data.APBAHBPrescTable
                0x0000000020000010       0x10 ./Peripheral/src/ch32v30x_rcc.o
 .data.impure_data
                0x0000000020000020       0x60 c:/mounriver/mounriver_studio/toolchain/risc-v embedded gcc/bin/../lib/gcc/riscv-none-embed/8.2.0/../../../../riscv-none-embed/lib/rv32imacxw/ilp32\libg_nano.a(lib_a-impure.o)
 *(.gnu.linkonce.d.*)
                0x0000000020000080                . = ALIGN (0x8)
                0x0000000020000880                PROVIDE (__global_pointer$ = (. + 0x800))
 *(.sdata .sdata.*)
 .sdata.SystemCoreClock
                0x0000000020000080        0x4 ./User/system_ch32v30x.o
                0x0000000020000080                SystemCoreClock
 .sdata.ADCPrescTable
                0x0000000020000084        0x4 ./Peripheral/src/ch32v30x_rcc.o
 .sdata.RGB565_DVPDMAaddr0
                0x0000000020000088        0x4 ./Hardware/dvp.o
                0x0000000020000088                RGB565_DVPDMAaddr0
 .sdata.RGB565_DVPDMAaddr1
                0x000000002000008c        0x4 ./Hardware/dvp.o
                0x000000002000008c                RGB565_DVPDMAaddr1
 .sdata.curbrk.5269
                0x0000000020000090        0x4 ./Debug/debug.o
 .sdata._impure_ptr
                0x0000000020000094        0x4 c:/mounriver/mounriver_studio/toolchain/risc-v embedded gcc/bin/../lib/gcc/riscv-none-embed/8.2.0/../../../../riscv-none-embed/lib/rv32imacxw/ilp32\libg_nano.a(lib_a-impure.o)
                0x0000000020000094                _impure_ptr
 *(.sdata2.*)
 .sdata2._global_impure_ptr
                0x0000000020000098        0x4 c:/mounriver/mounriver_studio/toolchain/risc-v embedded gcc/bin/../lib/gcc/riscv-none-embed/8.2.0/../../../../riscv-none-embed/lib/rv32imacxw/ilp32\libg_nano.a(lib_a-impure.o)
                0x0000000020000098                _global_impure_ptr
 *(.gnu.linkonce.s.*)
                0x00000000200000a0                . = ALIGN (0x8)
 *fill*         0x000000002000009c        0x4 
 *(.srodata.cst16)
 *(.srodata.cst8)
 *(.srodata.cst4)
 *(.srodata.cst2)
 *(.srodata .srodata.*)
                0x00000000200000a0                . = ALIGN (0x4)
                0x00000000200000a0                PROVIDE (_edata = .)

.bss            0x00000000200000a0       0x24 load address 0x0000000000002ac8
                0x00000000200000a0                . = ALIGN (0x4)
                0x00000000200000a0                PROVIDE (_sbss = .)
 *(.sbss*)
 .sbss.NVIC_Priority_Group
                0x00000000200000a0        0x4 ./Peripheral/src/ch32v30x_misc.o
                0x00000000200000a0                NVIC_Priority_Group
 .sbss.addr_cnt
                0x00000000200000a4        0x4 ./Hardware/dvp.o
                0x00000000200000a4                addr_cnt
 .sbss.frame_cnt
                0x00000000200000a8        0x4 ./Hardware/dvp.o
                0x00000000200000a8                frame_cnt
 .sbss.href_cnt
                0x00000000200000ac        0x4 ./Hardware/dvp.o
                0x00000000200000ac                href_cnt
 .sbss.Serial_RxData
                0x00000000200000b0        0x1 ./Hardware/uart5.o
                0x00000000200000b0                Serial_RxData
 .sbss.Serial_RxFlag
                0x00000000200000b1        0x1 ./Hardware/uart5.o
                0x00000000200000b1                Serial_RxFlag
 .sbss.p_ms     0x00000000200000b2        0x2 ./Debug/debug.o
 .sbss.p_us     0x00000000200000b4        0x1 ./Debug/debug.o
 *fill*         0x00000000200000b5        0x3 
 .sbss.__malloc_free_list
                0x00000000200000b8        0x4 c:/mounriver/mounriver_studio/toolchain/risc-v embedded gcc/bin/../lib/gcc/riscv-none-embed/8.2.0/../../../../riscv-none-embed/lib/rv32imacxw/ilp32\libg_nano.a(lib_a-nano-mallocr.o)
                0x00000000200000b8                __malloc_free_list
 .sbss.__malloc_sbrk_start
                0x00000000200000bc        0x4 c:/mounriver/mounriver_studio/toolchain/risc-v embedded gcc/bin/../lib/gcc/riscv-none-embed/8.2.0/../../../../riscv-none-embed/lib/rv32imacxw/ilp32\libg_nano.a(lib_a-nano-mallocr.o)
                0x00000000200000bc                __malloc_sbrk_start
 *(.gnu.linkonce.sb.*)
 *(.bss*)
 *(.gnu.linkonce.b.*)
 *(COMMON*)
 COMMON         0x00000000200000c0        0x4 c:/mounriver/mounriver_studio/toolchain/risc-v embedded gcc/bin/../lib/gcc/riscv-none-embed/8.2.0/../../../../riscv-none-embed/lib/rv32imacxw/ilp32\libg_nano.a(lib_a-reent.o)
                0x00000000200000c0                errno
                0x00000000200000c4                . = ALIGN (0x4)
                0x00000000200000c4                PROVIDE (_ebss = .)
                0x00000000200000c4                PROVIDE (_end = _ebss)
                [!provide]                        PROVIDE (end = .)

.stack          0x0000000020007800      0x800
                0x0000000020007800                PROVIDE (_heap_end = .)
                0x0000000020007800                . = ALIGN (0x4)
                [!provide]                        PROVIDE (_susrstack = .)
                0x0000000020008000                . = (. + __stack_size)
 *fill*         0x0000000020007800      0x800 
                0x0000000020008000                PROVIDE (_eusrstack = .)
OUTPUT(Propeller.elf elf32-littleriscv)

.debug_info     0x0000000000000000     0xd204
 .debug_info    0x0000000000000000      0x962 ./User/ch32v30x_it.o
 .debug_info    0x0000000000000962      0xbb9 ./User/main.o
 .debug_info    0x000000000000151b      0xb89 ./User/system_ch32v30x.o
 .debug_info    0x00000000000020a4       0x22 ./Startup/startup_ch32v30x_D8C.o
 .debug_info    0x00000000000020c6      0xa94 ./Peripheral/src/ch32v30x_dbgmcu.o
 .debug_info    0x0000000000002b5a     0x11ea ./Peripheral/src/ch32v30x_gpio.o
 .debug_info    0x0000000000003d44      0xf72 ./Peripheral/src/ch32v30x_misc.o
 .debug_info    0x0000000000004cb6     0x156e ./Peripheral/src/ch32v30x_rcc.o
 .debug_info    0x0000000000006224     0x1420 ./Peripheral/src/ch32v30x_usart.o
 .debug_info    0x0000000000007644      0xfac ./Hardware/dvp.o
 .debug_info    0x00000000000085f0     0x1e40 ./Hardware/ov.o
 .debug_info    0x000000000000a430      0xb39 ./Hardware/propeller.o
 .debug_info    0x000000000000af69     0x12f6 ./Hardware/uart5.o
 .debug_info    0x000000000000c25f      0xfa5 ./Debug/debug.o

.debug_abbrev   0x0000000000000000     0x25ff
 .debug_abbrev  0x0000000000000000      0x1cf ./User/ch32v30x_it.o
 .debug_abbrev  0x00000000000001cf      0x226 ./User/main.o
 .debug_abbrev  0x00000000000003f5      0x2c0 ./User/system_ch32v30x.o
 .debug_abbrev  0x00000000000006b5       0x12 ./Startup/startup_ch32v30x_D8C.o
 .debug_abbrev  0x00000000000006c7      0x2f7 ./Peripheral/src/ch32v30x_dbgmcu.o
 .debug_abbrev  0x00000000000009be      0x31a ./Peripheral/src/ch32v30x_gpio.o
 .debug_abbrev  0x0000000000000cd8      0x2fb ./Peripheral/src/ch32v30x_misc.o
 .debug_abbrev  0x0000000000000fd3      0x351 ./Peripheral/src/ch32v30x_rcc.o
 .debug_abbrev  0x0000000000001324      0x312 ./Peripheral/src/ch32v30x_usart.o
 .debug_abbrev  0x0000000000001636      0x30a ./Hardware/dvp.o
 .debug_abbrev  0x0000000000001940      0x40a ./Hardware/ov.o
 .debug_abbrev  0x0000000000001d4a      0x260 ./Hardware/propeller.o
 .debug_abbrev  0x0000000000001faa      0x35c ./Hardware/uart5.o
 .debug_abbrev  0x0000000000002306      0x2f9 ./Debug/debug.o

.debug_aranges  0x0000000000000000      0x648
 .debug_aranges
                0x0000000000000000       0x28 ./User/ch32v30x_it.o
 .debug_aranges
                0x0000000000000028       0x20 ./User/main.o
 .debug_aranges
                0x0000000000000048       0x28 ./User/system_ch32v30x.o
 .debug_aranges
                0x0000000000000070       0x30 ./Startup/startup_ch32v30x_D8C.o
 .debug_aranges
                0x00000000000000a0       0x48 ./Peripheral/src/ch32v30x_dbgmcu.o
 .debug_aranges
                0x00000000000000e8       0xb0 ./Peripheral/src/ch32v30x_gpio.o
 .debug_aranges
                0x0000000000000198       0x28 ./Peripheral/src/ch32v30x_misc.o
 .debug_aranges
                0x00000000000001c0      0x1a8 ./Peripheral/src/ch32v30x_rcc.o
 .debug_aranges
                0x0000000000000368      0x100 ./Peripheral/src/ch32v30x_usart.o
 .debug_aranges
                0x0000000000000468       0x38 ./Hardware/dvp.o
 .debug_aranges
                0x00000000000004a0       0xe8 ./Hardware/ov.o
 .debug_aranges
                0x0000000000000588       0x20 ./Hardware/propeller.o
 .debug_aranges
                0x00000000000005a8       0x58 ./Hardware/uart5.o
 .debug_aranges
                0x0000000000000600       0x48 ./Debug/debug.o

.debug_ranges   0x0000000000000000      0x5f8
 .debug_ranges  0x0000000000000000       0x18 ./User/ch32v30x_it.o
 .debug_ranges  0x0000000000000018       0x10 ./User/main.o
 .debug_ranges  0x0000000000000028       0x38 ./User/system_ch32v30x.o
 .debug_ranges  0x0000000000000060       0x28 ./Startup/startup_ch32v30x_D8C.o
 .debug_ranges  0x0000000000000088       0x50 ./Peripheral/src/ch32v30x_dbgmcu.o
 .debug_ranges  0x00000000000000d8       0xa0 ./Peripheral/src/ch32v30x_gpio.o
 .debug_ranges  0x0000000000000178       0x48 ./Peripheral/src/ch32v30x_misc.o
 .debug_ranges  0x00000000000001c0      0x198 ./Peripheral/src/ch32v30x_rcc.o
 .debug_ranges  0x0000000000000358       0xf0 ./Peripheral/src/ch32v30x_usart.o
 .debug_ranges  0x0000000000000448       0x28 ./Hardware/dvp.o
 .debug_ranges  0x0000000000000470       0xd8 ./Hardware/ov.o
 .debug_ranges  0x0000000000000548       0x10 ./Hardware/propeller.o
 .debug_ranges  0x0000000000000558       0x68 ./Hardware/uart5.o
 .debug_ranges  0x00000000000005c0       0x38 ./Debug/debug.o

.debug_line     0x0000000000000000     0x7f1c
 .debug_line    0x0000000000000000      0x209 ./User/ch32v30x_it.o
 .debug_line    0x0000000000000209      0x40d ./User/main.o
 .debug_line    0x0000000000000616      0x6eb ./User/system_ch32v30x.o
 .debug_line    0x0000000000000d01      0x356 ./Startup/startup_ch32v30x_D8C.o
 .debug_line    0x0000000000001057      0x339 ./Peripheral/src/ch32v30x_dbgmcu.o
 .debug_line    0x0000000000001390     0x1006 ./Peripheral/src/ch32v30x_gpio.o
 .debug_line    0x0000000000002396      0x469 ./Peripheral/src/ch32v30x_misc.o
 .debug_line    0x00000000000027ff     0x1921 ./Peripheral/src/ch32v30x_rcc.o
 .debug_line    0x0000000000004120      0xfbf ./Peripheral/src/ch32v30x_usart.o
 .debug_line    0x00000000000050df      0x7c2 ./Hardware/dvp.o
 .debug_line    0x00000000000058a1     0x156d ./Hardware/ov.o
 .debug_line    0x0000000000006e0e      0x2e7 ./Hardware/propeller.o
 .debug_line    0x00000000000070f5      0x746 ./Hardware/uart5.o
 .debug_line    0x000000000000783b      0x6e1 ./Debug/debug.o

.debug_str      0x0000000000000000     0x2211
 .debug_str     0x0000000000000000      0x52f ./User/ch32v30x_it.o
                                        0x590 (size before relaxing)
 .debug_str     0x000000000000052f       0xef ./User/main.o
                                        0x650 (size before relaxing)
 .debug_str     0x000000000000061e      0x10a ./User/system_ch32v30x.o
                                        0x6a6 (size before relaxing)
 .debug_str     0x0000000000000728       0x2e ./Startup/startup_ch32v30x_D8C.o
                                         0x44 (size before relaxing)
 .debug_str     0x0000000000000756       0xa6 ./Peripheral/src/ch32v30x_dbgmcu.o
                                        0x620 (size before relaxing)
 .debug_str     0x00000000000007fc      0x3d6 ./Peripheral/src/ch32v30x_gpio.o
                                        0x98a (size before relaxing)
 .debug_str     0x0000000000000bd2      0x6f0 ./Peripheral/src/ch32v30x_misc.o
                                        0xca5 (size before relaxing)
 .debug_str     0x00000000000012c2      0x5cb ./Peripheral/src/ch32v30x_rcc.o
                                        0xca4 (size before relaxing)
 .debug_str     0x000000000000188d      0x428 ./Peripheral/src/ch32v30x_usart.o
                                        0xaf1 (size before relaxing)
 .debug_str     0x0000000000001cb5      0x146 ./Hardware/dvp.o
                                        0xcd9 (size before relaxing)
 .debug_str     0x0000000000001dfb      0x2ef ./Hardware/ov.o
                                        0xa2c (size before relaxing)
 .debug_str     0x00000000000020ea       0x18 ./Hardware/propeller.o
                                        0x71b (size before relaxing)
 .debug_str     0x0000000000002102       0xa4 ./Hardware/uart5.o
                                        0xf50 (size before relaxing)
 .debug_str     0x00000000000021a6       0x6b ./Debug/debug.o
                                        0x904 (size before relaxing)

.comment        0x0000000000000000       0x33
 .comment       0x0000000000000000       0x33 ./User/ch32v30x_it.o
                                         0x34 (size before relaxing)
 .comment       0x0000000000000033       0x34 ./User/main.o
 .comment       0x0000000000000033       0x34 ./User/system_ch32v30x.o
 .comment       0x0000000000000033       0x34 ./Peripheral/src/ch32v30x_dbgmcu.o
 .comment       0x0000000000000033       0x34 ./Peripheral/src/ch32v30x_gpio.o
 .comment       0x0000000000000033       0x34 ./Peripheral/src/ch32v30x_misc.o
 .comment       0x0000000000000033       0x34 ./Peripheral/src/ch32v30x_rcc.o
 .comment       0x0000000000000033       0x34 ./Peripheral/src/ch32v30x_usart.o
 .comment       0x0000000000000033       0x34 ./Hardware/dvp.o
 .comment       0x0000000000000033       0x34 ./Hardware/ov.o
 .comment       0x0000000000000033       0x34 ./Hardware/propeller.o
 .comment       0x0000000000000033       0x34 ./Hardware/uart5.o
 .comment       0x0000000000000033       0x34 ./Debug/debug.o

.debug_frame    0x0000000000000000     0x16cc
 .debug_frame   0x0000000000000000       0x30 ./User/ch32v30x_it.o
 .debug_frame   0x0000000000000030       0x30 ./User/main.o
 .debug_frame   0x0000000000000060       0x3c ./User/system_ch32v30x.o
 .debug_frame   0x000000000000009c       0x70 ./Peripheral/src/ch32v30x_dbgmcu.o
 .debug_frame   0x000000000000010c      0x174 ./Peripheral/src/ch32v30x_gpio.o
 .debug_frame   0x0000000000000280       0x30 ./Peripheral/src/ch32v30x_misc.o
 .debug_frame   0x00000000000002b0      0x344 ./Peripheral/src/ch32v30x_rcc.o
 .debug_frame   0x00000000000005f4      0x204 ./Peripheral/src/ch32v30x_usart.o
 .debug_frame   0x00000000000007f8       0x64 ./Hardware/dvp.o
 .debug_frame   0x000000000000085c      0x398 ./Hardware/ov.o
 .debug_frame   0x0000000000000bf4       0x34 ./Hardware/propeller.o
 .debug_frame   0x0000000000000c28       0xf0 ./Hardware/uart5.o
 .debug_frame   0x0000000000000d18       0xa0 ./Debug/debug.o
 .debug_frame   0x0000000000000db8       0x54 c:/mounriver/mounriver_studio/toolchain/risc-v embedded gcc/bin/../lib/gcc/riscv-none-embed/8.2.0/../../../../riscv-none-embed/lib/rv32imacxw/ilp32\libg_nano.a(lib_a-printf.o)
 .debug_frame   0x0000000000000e0c       0x54 c:/mounriver/mounriver_studio/toolchain/risc-v embedded gcc/bin/../lib/gcc/riscv-none-embed/8.2.0/../../../../riscv-none-embed/lib/rv32imacxw/ilp32\libg_nano.a(lib_a-puts.o)
 .debug_frame   0x0000000000000e60       0x50 c:/mounriver/mounriver_studio/toolchain/risc-v embedded gcc/bin/../lib/gcc/riscv-none-embed/8.2.0/../../../../riscv-none-embed/lib/rv32imacxw/ilp32\libg_nano.a(lib_a-wbuf.o)
 .debug_frame   0x0000000000000eb0       0x3c c:/mounriver/mounriver_studio/toolchain/risc-v embedded gcc/bin/../lib/gcc/riscv-none-embed/8.2.0/../../../../riscv-none-embed/lib/rv32imacxw/ilp32\libg_nano.a(lib_a-wsetup.o)
 .debug_frame   0x0000000000000eec       0x7c c:/mounriver/mounriver_studio/toolchain/risc-v embedded gcc/bin/../lib/gcc/riscv-none-embed/8.2.0/../../../../riscv-none-embed/lib/rv32imacxw/ilp32\libg_nano.a(lib_a-fflush.o)
 .debug_frame   0x0000000000000f68      0x148 c:/mounriver/mounriver_studio/toolchain/risc-v embedded gcc/bin/../lib/gcc/riscv-none-embed/8.2.0/../../../../riscv-none-embed/lib/rv32imacxw/ilp32\libg_nano.a(lib_a-findfp.o)
 .debug_frame   0x00000000000010b0       0x88 c:/mounriver/mounriver_studio/toolchain/risc-v embedded gcc/bin/../lib/gcc/riscv-none-embed/8.2.0/../../../../riscv-none-embed/lib/rv32imacxw/ilp32\libg_nano.a(lib_a-fwalk.o)
 .debug_frame   0x0000000000001138       0x64 c:/mounriver/mounriver_studio/toolchain/risc-v embedded gcc/bin/../lib/gcc/riscv-none-embed/8.2.0/../../../../riscv-none-embed/lib/rv32imacxw/ilp32\libg_nano.a(lib_a-makebuf.o)
 .debug_frame   0x000000000000119c       0x40 c:/mounriver/mounriver_studio/toolchain/risc-v embedded gcc/bin/../lib/gcc/riscv-none-embed/8.2.0/../../../../riscv-none-embed/lib/rv32imacxw/ilp32\libg_nano.a(lib_a-nano-freer.o)
 .debug_frame   0x00000000000011dc       0x40 c:/mounriver/mounriver_studio/toolchain/risc-v embedded gcc/bin/../lib/gcc/riscv-none-embed/8.2.0/../../../../riscv-none-embed/lib/rv32imacxw/ilp32\libg_nano.a(lib_a-nano-mallocr.o)
 .debug_frame   0x000000000000121c       0xd0 c:/mounriver/mounriver_studio/toolchain/risc-v embedded gcc/bin/../lib/gcc/riscv-none-embed/8.2.0/../../../../riscv-none-embed/lib/rv32imacxw/ilp32\libg_nano.a(lib_a-nano-vfprintf.o)
 .debug_frame   0x00000000000012ec       0x8c c:/mounriver/mounriver_studio/toolchain/risc-v embedded gcc/bin/../lib/gcc/riscv-none-embed/8.2.0/../../../../riscv-none-embed/lib/rv32imacxw/ilp32\libg_nano.a(lib_a-nano-vfprintf_i.o)
 .debug_frame   0x0000000000001378       0x30 c:/mounriver/mounriver_studio/toolchain/risc-v embedded gcc/bin/../lib/gcc/riscv-none-embed/8.2.0/../../../../riscv-none-embed/lib/rv32imacxw/ilp32\libg_nano.a(lib_a-sbrkr.o)
 .debug_frame   0x00000000000013a8       0xa4 c:/mounriver/mounriver_studio/toolchain/risc-v embedded gcc/bin/../lib/gcc/riscv-none-embed/8.2.0/../../../../riscv-none-embed/lib/rv32imacxw/ilp32\libg_nano.a(lib_a-stdio.o)
 .debug_frame   0x000000000000144c       0x30 c:/mounriver/mounriver_studio/toolchain/risc-v embedded gcc/bin/../lib/gcc/riscv-none-embed/8.2.0/../../../../riscv-none-embed/lib/rv32imacxw/ilp32\libg_nano.a(lib_a-writer.o)
 .debug_frame   0x000000000000147c       0x30 c:/mounriver/mounriver_studio/toolchain/risc-v embedded gcc/bin/../lib/gcc/riscv-none-embed/8.2.0/../../../../riscv-none-embed/lib/rv32imacxw/ilp32\libg_nano.a(lib_a-closer.o)
 .debug_frame   0x00000000000014ac       0x30 c:/mounriver/mounriver_studio/toolchain/risc-v embedded gcc/bin/../lib/gcc/riscv-none-embed/8.2.0/../../../../riscv-none-embed/lib/rv32imacxw/ilp32\libg_nano.a(lib_a-fstatr.o)
 .debug_frame   0x00000000000014dc       0x30 c:/mounriver/mounriver_studio/toolchain/risc-v embedded gcc/bin/../lib/gcc/riscv-none-embed/8.2.0/../../../../riscv-none-embed/lib/rv32imacxw/ilp32\libg_nano.a(lib_a-isattyr.o)
 .debug_frame   0x000000000000150c       0x30 c:/mounriver/mounriver_studio/toolchain/risc-v embedded gcc/bin/../lib/gcc/riscv-none-embed/8.2.0/../../../../riscv-none-embed/lib/rv32imacxw/ilp32\libg_nano.a(lib_a-lseekr.o)
 .debug_frame   0x000000000000153c       0x20 c:/mounriver/mounriver_studio/toolchain/risc-v embedded gcc/bin/../lib/gcc/riscv-none-embed/8.2.0/../../../../riscv-none-embed/lib/rv32imacxw/ilp32\libg_nano.a(lib_a-memchr.o)
 .debug_frame   0x000000000000155c       0x30 c:/mounriver/mounriver_studio/toolchain/risc-v embedded gcc/bin/../lib/gcc/riscv-none-embed/8.2.0/../../../../riscv-none-embed/lib/rv32imacxw/ilp32\libg_nano.a(lib_a-mlock.o)
 .debug_frame   0x000000000000158c       0x30 c:/mounriver/mounriver_studio/toolchain/risc-v embedded gcc/bin/../lib/gcc/riscv-none-embed/8.2.0/../../../../riscv-none-embed/lib/rv32imacxw/ilp32\libg_nano.a(lib_a-readr.o)
 .debug_frame   0x00000000000015bc       0x70 c:/mounriver/mounriver_studio/toolchain/risc-v embedded gcc/bin/../lib/gcc/riscv-none-embed/8.2.0/../../../../riscv-none-embed/lib/rv32imacxw/ilp32\libg_nano.a(lib_a-reent.o)
 .debug_frame   0x000000000000162c       0x20 c:/mounriver/mounriver_studio/toolchain/risc-v embedded gcc/bin/../lib/gcc/riscv-none-embed/8.2.0/../../../../riscv-none-embed/lib/rv32imacxw/ilp32\libnosys.a(close.o)
 .debug_frame   0x000000000000164c       0x20 c:/mounriver/mounriver_studio/toolchain/risc-v embedded gcc/bin/../lib/gcc/riscv-none-embed/8.2.0/../../../../riscv-none-embed/lib/rv32imacxw/ilp32\libnosys.a(fstat.o)
 .debug_frame   0x000000000000166c       0x20 c:/mounriver/mounriver_studio/toolchain/risc-v embedded gcc/bin/../lib/gcc/riscv-none-embed/8.2.0/../../../../riscv-none-embed/lib/rv32imacxw/ilp32\libnosys.a(isatty.o)
 .debug_frame   0x000000000000168c       0x20 c:/mounriver/mounriver_studio/toolchain/risc-v embedded gcc/bin/../lib/gcc/riscv-none-embed/8.2.0/../../../../riscv-none-embed/lib/rv32imacxw/ilp32\libnosys.a(lseek.o)
 .debug_frame   0x00000000000016ac       0x20 c:/mounriver/mounriver_studio/toolchain/risc-v embedded gcc/bin/../lib/gcc/riscv-none-embed/8.2.0/../../../../riscv-none-embed/lib/rv32imacxw/ilp32\libnosys.a(read.o)

.debug_loc      0x0000000000000000     0x2942
 .debug_loc     0x0000000000000000       0xda ./User/system_ch32v30x.o
 .debug_loc     0x00000000000000da       0x7c ./Peripheral/src/ch32v30x_dbgmcu.o
 .debug_loc     0x0000000000000156      0x6eb ./Peripheral/src/ch32v30x_gpio.o
 .debug_loc     0x0000000000000841       0xce ./Peripheral/src/ch32v30x_misc.o
 .debug_loc     0x000000000000090f      0xadb ./Peripheral/src/ch32v30x_rcc.o
 .debug_loc     0x00000000000013ea      0x7bb ./Peripheral/src/ch32v30x_usart.o
 .debug_loc     0x0000000000001ba5      0x159 ./Hardware/dvp.o
 .debug_loc     0x0000000000001cfe      0x948 ./Hardware/ov.o
 .debug_loc     0x0000000000002646      0x1ab ./Hardware/uart5.o
 .debug_loc     0x00000000000027f1      0x151 ./Debug/debug.o

.stab           0x0000000000000000       0x84
 .stab          0x0000000000000000       0x24 c:/mounriver/mounriver_studio/toolchain/risc-v embedded gcc/bin/../lib/gcc/riscv-none-embed/8.2.0/../../../../riscv-none-embed/lib/rv32imacxw/ilp32\libnosys.a(close.o)
 .stab          0x0000000000000024       0x18 c:/mounriver/mounriver_studio/toolchain/risc-v embedded gcc/bin/../lib/gcc/riscv-none-embed/8.2.0/../../../../riscv-none-embed/lib/rv32imacxw/ilp32\libnosys.a(fstat.o)
                                         0x24 (size before relaxing)
 .stab          0x000000000000003c       0x18 c:/mounriver/mounriver_studio/toolchain/risc-v embedded gcc/bin/../lib/gcc/riscv-none-embed/8.2.0/../../../../riscv-none-embed/lib/rv32imacxw/ilp32\libnosys.a(isatty.o)
                                         0x24 (size before relaxing)
 .stab          0x0000000000000054       0x18 c:/mounriver/mounriver_studio/toolchain/risc-v embedded gcc/bin/../lib/gcc/riscv-none-embed/8.2.0/../../../../riscv-none-embed/lib/rv32imacxw/ilp32\libnosys.a(lseek.o)
                                         0x24 (size before relaxing)
 .stab          0x000000000000006c       0x18 c:/mounriver/mounriver_studio/toolchain/risc-v embedded gcc/bin/../lib/gcc/riscv-none-embed/8.2.0/../../../../riscv-none-embed/lib/rv32imacxw/ilp32\libnosys.a(read.o)
                                         0x24 (size before relaxing)

.stabstr        0x0000000000000000      0x117
 .stabstr       0x0000000000000000      0x117 c:/mounriver/mounriver_studio/toolchain/risc-v embedded gcc/bin/../lib/gcc/riscv-none-embed/8.2.0/../../../../riscv-none-embed/lib/rv32imacxw/ilp32\libnosys.a(close.o)
