Archive member included to satisfy reference by file (symbol)

c:/mounriver/mounriver_studio/toolchain/risc-v embedded gcc/bin/../lib/gcc/riscv-none-embed/8.2.0/rv32imacxw/ilp32\libgcc.a(save-restore.o)
                              ./Hardware/ov.o (__riscv_save_6)
c:/mounriver/mounriver_studio/toolchain/risc-v embedded gcc/bin/../lib/gcc/riscv-none-embed/8.2.0/../../../../riscv-none-embed/lib/rv32imacxw/ilp32\libg_nano.a(lib_a-printf.o)
                              ./User/main.o (printf)
c:/mounriver/mounriver_studio/toolchain/risc-v embedded gcc/bin/../lib/gcc/riscv-none-embed/8.2.0/../../../../riscv-none-embed/lib/rv32imacxw/ilp32\libg_nano.a(lib_a-puts.o)
                              ./User/main.o (puts)
c:/mounriver/mounriver_studio/toolchain/risc-v embedded gcc/bin/../lib/gcc/riscv-none-embed/8.2.0/../../../../riscv-none-embed/lib/rv32imacxw/ilp32\libg_nano.a(lib_a-wbuf.o)
                              c:/mounriver/mounriver_studio/toolchain/risc-v embedded gcc/bin/../lib/gcc/riscv-none-embed/8.2.0/../../../../riscv-none-embed/lib/rv32imacxw/ilp32\libg_nano.a(lib_a-puts.o) (__swbuf_r)
c:/mounriver/mounriver_studio/toolchain/risc-v embedded gcc/bin/../lib/gcc/riscv-none-embed/8.2.0/../../../../riscv-none-embed/lib/rv32imacxw/ilp32\libg_nano.a(lib_a-wsetup.o)
                              c:/mounriver/mounriver_studio/toolchain/risc-v embedded gcc/bin/../lib/gcc/riscv-none-embed/8.2.0/../../../../riscv-none-embed/lib/rv32imacxw/ilp32\libg_nano.a(lib_a-puts.o) (__swsetup_r)
c:/mounriver/mounriver_studio/toolchain/risc-v embedded gcc/bin/../lib/gcc/riscv-none-embed/8.2.0/../../../../riscv-none-embed/lib/rv32imacxw/ilp32\libg_nano.a(lib_a-fflush.o)
                              c:/mounriver/mounriver_studio/toolchain/risc-v embedded gcc/bin/../lib/gcc/riscv-none-embed/8.2.0/../../../../riscv-none-embed/lib/rv32imacxw/ilp32\libg_nano.a(lib_a-wbuf.o) (_fflush_r)
c:/mounriver/mounriver_studio/toolchain/risc-v embedded gcc/bin/../lib/gcc/riscv-none-embed/8.2.0/../../../../riscv-none-embed/lib/rv32imacxw/ilp32\libg_nano.a(lib_a-findfp.o)
                              c:/mounriver/mounriver_studio/toolchain/risc-v embedded gcc/bin/../lib/gcc/riscv-none-embed/8.2.0/../../../../riscv-none-embed/lib/rv32imacxw/ilp32\libg_nano.a(lib_a-printf.o) (__sinit)
c:/mounriver/mounriver_studio/toolchain/risc-v embedded gcc/bin/../lib/gcc/riscv-none-embed/8.2.0/../../../../riscv-none-embed/lib/rv32imacxw/ilp32\libg_nano.a(lib_a-fwalk.o)
                              c:/mounriver/mounriver_studio/toolchain/risc-v embedded gcc/bin/../lib/gcc/riscv-none-embed/8.2.0/../../../../riscv-none-embed/lib/rv32imacxw/ilp32\libg_nano.a(lib_a-findfp.o) (_fwalk)
c:/mounriver/mounriver_studio/toolchain/risc-v embedded gcc/bin/../lib/gcc/riscv-none-embed/8.2.0/../../../../riscv-none-embed/lib/rv32imacxw/ilp32\libg_nano.a(lib_a-impure.o)
                              c:/mounriver/mounriver_studio/toolchain/risc-v embedded gcc/bin/../lib/gcc/riscv-none-embed/8.2.0/../../../../riscv-none-embed/lib/rv32imacxw/ilp32\libg_nano.a(lib_a-fflush.o) (_global_impure_ptr)
c:/mounriver/mounriver_studio/toolchain/risc-v embedded gcc/bin/../lib/gcc/riscv-none-embed/8.2.0/../../../../riscv-none-embed/lib/rv32imacxw/ilp32\libg_nano.a(lib_a-makebuf.o)
                              c:/mounriver/mounriver_studio/toolchain/risc-v embedded gcc/bin/../lib/gcc/riscv-none-embed/8.2.0/../../../../riscv-none-embed/lib/rv32imacxw/ilp32\libg_nano.a(lib_a-wsetup.o) (__smakebuf_r)
c:/mounriver/mounriver_studio/toolchain/risc-v embedded gcc/bin/../lib/gcc/riscv-none-embed/8.2.0/../../../../riscv-none-embed/lib/rv32imacxw/ilp32\libg_nano.a(lib_a-memset.o)
                              c:/mounriver/mounriver_studio/toolchain/risc-v embedded gcc/bin/../lib/gcc/riscv-none-embed/8.2.0/../../../../riscv-none-embed/lib/rv32imacxw/ilp32\libg_nano.a(lib_a-findfp.o) (memset)
c:/mounriver/mounriver_studio/toolchain/risc-v embedded gcc/bin/../lib/gcc/riscv-none-embed/8.2.0/../../../../riscv-none-embed/lib/rv32imacxw/ilp32\libg_nano.a(lib_a-nano-freer.o)
                              c:/mounriver/mounriver_studio/toolchain/risc-v embedded gcc/bin/../lib/gcc/riscv-none-embed/8.2.0/../../../../riscv-none-embed/lib/rv32imacxw/ilp32\libg_nano.a(lib_a-wsetup.o) (_free_r)
c:/mounriver/mounriver_studio/toolchain/risc-v embedded gcc/bin/../lib/gcc/riscv-none-embed/8.2.0/../../../../riscv-none-embed/lib/rv32imacxw/ilp32\libg_nano.a(lib_a-nano-mallocr.o)
                              c:/mounriver/mounriver_studio/toolchain/risc-v embedded gcc/bin/../lib/gcc/riscv-none-embed/8.2.0/../../../../riscv-none-embed/lib/rv32imacxw/ilp32\libg_nano.a(lib_a-findfp.o) (_malloc_r)
c:/mounriver/mounriver_studio/toolchain/risc-v embedded gcc/bin/../lib/gcc/riscv-none-embed/8.2.0/../../../../riscv-none-embed/lib/rv32imacxw/ilp32\libg_nano.a(lib_a-nano-vfprintf.o)
[...]
Memory Configuration

Name             Origin             Length             Attributes
FLASH            0x0000000000000000 0x0000000000048000 xr
RAM              0x0000000020000000 0x0000000000008000 xrw
*default*        0x0000000000000000 0xffffffffffffffff

Linker script and memory map

LOAD ./User/ch32v30x_it.o
LOAD ./User/main.o
LOAD ./User/system_ch32v30x.o
LOAD ./Startup/startup_ch32v30x_D8C.o
LOAD ./Peripheral/src/ch32v30x_adc.o
LOAD ./Peripheral/src/ch32v30x_bkp.o
LOAD ./Peripheral/src/ch32v30x_can.o
LOAD ./Peripheral/src/ch32v30x_crc.o
LOAD ./Peripheral/src/ch32v30x_dac.o
LOAD ./Peripheral/src/ch32v30x_dbgmcu.o
LOAD ./Peripheral/src/ch32v30x_dma.o
LOAD ./Peripheral/src/ch32v30x_dvp.o
LOAD ./Peripheral/src/ch32v30x_eth.o
LOAD ./Peripheral/src/ch32v30x_exti.o
LOAD ./Peripheral/src/ch32v30x_flash.o
LOAD ./Peripheral/src/ch32v30x_fsmc.o
LOAD ./Peripheral/src/ch32v30x_gpio.o
LOAD ./Peripheral/src/ch32v30x_i2c.o
LOAD ./Peripheral/src/ch32v30x_iwdg.o
LOAD ./Peripheral/src/ch32v30x_misc.o
LOAD ./Peripheral/src/ch32v30x_opa.o
LOAD ./Peripheral/src/ch32v30x_pwr.o
LOAD ./Peripheral/src/ch32v30x_rcc.o
LOAD ./Peripheral/src/ch32v30x_rng.o
LOAD ./Peripheral/src/ch32v30x_rtc.o
LOAD ./Peripheral/src/ch32v30x_sdio.o
LOAD ./Peripheral/src/ch32v30x_spi.o
LOAD ./Peripheral/src/ch32v30x_tim.o
LOAD ./Peripheral/src/ch32v30x_usart.o
LOAD ./Peripheral/src/ch32v30x_wwdg.o
LOAD ./Hardware/dvp.o
LOAD ./Hardware/ov.o
LOAD ./Hardware/propeller.o
LOAD ./Hardware/uart5.o
LOAD ./Debug/debug.o
LOAD ./Core/core_riscv.o
LOAD c:/mounriver/mounriver_studio/toolchain/risc-v embedded gcc/bin/../lib/gcc/riscv-none-embed/8.2.0/../../../../riscv-none-embed/lib/rv32imacxw/ilp32\libm.a
LOAD c:/mounriver/mounriver_studio/toolchain/risc-v embedded gcc/bin/../lib/gcc/riscv-none-embed/8.2.0/rv32imacxw/ilp32\libgcc.a
LOAD c:/mounriver/mounriver_studio/toolchain/risc-v embedded gcc/bin/../lib/gcc/riscv-none-embed/8.2.0/../../../../riscv-none-embed/lib/rv32imacxw/ilp32\libg_nano.a
LOAD c:/mounriver/mounriver_studio/toolchain/risc-v embedded gcc/bin/../lib/gcc/riscv-none-embed/8.2.0/../../../../riscv-none-embed/lib/rv32imacxw/ilp32\libc_nano.a
LOAD c:/mounriver/mounriver_studio/toolchain/risc-v embedded gcc/bin/../lib/gcc/riscv-none-embed/8.2.0/rv32imacxw/ilp32\libgcc.a
START GROUP
LOAD c:/mounriver/mounriver_studio/toolchain/risc-v embedded gcc/bin/../lib/gcc/riscv-none-embed/8.2.0/rv32imacxw/ilp32\libgcc.a
LOAD c:/mounriver/mounriver_studio/toolchain/risc-v embedded gcc/bin/../lib/gcc/riscv-none-embed/8.2.0/../../../../riscv-none-embed/lib/rv32imacxw/ilp32\libc_nano.a
LOAD c:/mounriver/mounriver_studio/toolchain/risc-v embedded gcc/bin/../lib/gcc/riscv-none-embed/8.2.0/../../../../riscv-none-embed/lib/rv32imacxw/ilp32\libnosys.a
END GROUP
START GROUP
LOAD c:/mounriver/mounriver_studio/toolchain/risc-v embedded gcc/bin/../lib/gcc/riscv-none-embed/8.2.0/rv32imacxw/ilp32\libgcc.a
LOAD c:/mounriver/mounriver_studio/toolchain/risc-v embedded gcc/bin/../lib/gcc/riscv-none-embed/8.2.0/../../../../riscv-none-embed/lib/rv32imacxw/ilp32\libc_nano.a
LOAD c:/mounriver/mounriver_studio/toolchain/risc-v embedded gcc/bin/../lib/gcc/riscv-none-embed/8.2.0/../../../../riscv-none-embed/lib/rv32imacxw/ilp32\libnosys.a
END GROUP
                0x0000000000000800                __stack_size = 0x800
                [!provide]                        PROVIDE (_stack_size = __stack_size)

.init           0x0000000000000000       0x38
                0x0000000000000000                _sinit = .
                0x0000000000000000                . = ALIGN (0x4)
 *(SORT_NONE(.init))
 .init          0x0000000000000000       0x38 ./Startup/startup_ch32v30x_D8C.o
                0x0000000000000000                _start
                0x0000000000000038                . = ALIGN (0x4)
                0x0000000000000038                _einit = .

.vector         0x0000000000000038      0x1c8
 *(.vector)
 .vector        0x0000000000000038      0x1a0 ./Startup/startup_ch32v30x_D8C.o
                0x0000000000000200                . = ALIGN (0x40)
 *fill*         0x00000000000001d8       0x28 

.text           0x0000000000000200     0x28dc
                0x0000000000000200                . = ALIGN (0x4)
 *(.text)
 .text          0x0000000000000200       0x60 c:/mounriver/mounriver_studio/toolchain/risc-v embedded gcc/bin/../lib/gcc/riscv-none-embed/8.2.0/rv32imacxw/ilp32\libgcc.a(save-restore.o)
                0x0000000000000200                __riscv_save_12
                0x0000000000000208                __riscv_save_9
                0x0000000000000208                __riscv_save_11
                0x0000000000000208                __riscv_save_10
                0x0000000000000208                __riscv_save_8
                0x0000000000000216                __riscv_save_4
                0x0000000000000216                __riscv_save_6
                0x0000000000000216                __riscv_save_5
                0x0000000000000216                __riscv_save_7
                0x0000000000000230                __riscv_save_3
                0x0000000000000230                __riscv_save_2
                0x0000000000000230                __riscv_save_1
                0x0000000000000230                __riscv_save_0
                0x000000000000023c                __riscv_restore_12
                0x0000000000000240                __riscv_restore_11
                0x0000000000000240                __riscv_restore_9
                0x0000000000000240                __riscv_restore_10
                0x0000000000000240                __riscv_restore_8
                0x000000000000024a                __riscv_restore_5
                0x000000000000024a                __riscv_restore_7
                0x000000000000024a                __riscv_restore_6
                0x000000000000024a                __riscv_restore_4
                0x0000000000000254                __riscv_restore_3
                0x0000000000000254                __riscv_restore_0
                0x0000000000000254                __riscv_restore_2
                0x0000000000000254                __riscv_restore_1
 .text          0x0000000000000260       0xa8 c:/mounriver/mounriver_studio/toolchain/risc-v embedded gcc/bin/../lib/gcc/riscv-none-embed/8.2.0/../../../../riscv-none-embed/lib/rv32imacxw/ilp32\libg_nano.a(lib_a-memset.o)
                0x0000000000000260                memset
 *(.text.*)
 .text.NMI_Handler
                0x0000000000000308        0x4 ./User/ch32v30x_it.o
                0x0000000000000308                NMI_Handler
 .text.HardFault_Handler
                0x000000000000030c        0x2 ./User/ch32v30x_it.o
                0x000000000000030c                HardFault_Handler
 .text.startup.main
                0x000000000000030e       0xdc ./User/main.o
                0x000000000000030e                main
 .text.SystemInit
                0x00000000000003ea       0xfa ./User/system_ch32v30x.o
                0x00000000000003ea                SystemInit
 .text.SystemCoreClockUpdate
                0x00000000000004e4       0xbe ./User/system_ch32v30x.o
                0x00000000000004e4                SystemCoreClockUpdate
 .text.vector_handler
                0x00000000000005a2       0xbe ./Startup/startup_ch32v30x_D8C.o
                0x00000000000005a6                Ecall_M_Mode_Handler
                0x00000000000005a8                Ecall_U_Mode_Handler
                0x00000000000005aa                Break_Point_Handler
                0x00000000000005ac                SysTick_Handler
                0x00000000000005ae                SW_Handler
                0x00000000000005b0                WWDG_IRQHandler
                0x00000000000005b2                PVD_IRQHandler
                0x00000000000005b4                TAMPER_IRQHandler
                0x00000000000005b6                RTC_IRQHandler
                0x00000000000005b8                FLASH_IRQHandler
                0x00000000000005ba                RCC_IRQHandler
                0x00000000000005bc                EXTI0_IRQHandler
                0x00000000000005be                EXTI1_IRQHandler
                0x00000000000005c0                EXTI2_IRQHandler
                0x00000000000005c2                EXTI3_IRQHandler
                0x00000000000005c4                EXTI4_IRQHandler
                0x00000000000005c6                DMA1_Channel1_IRQHandler
                0x00000000000005c8                DMA1_Channel2_IRQHandler
                0x00000000000005ca                DMA1_Channel3_IRQHandler
                0x00000000000005cc                DMA1_Channel4_IRQHandler
                0x00000000000005ce                DMA1_Channel5_IRQHandler
                0x00000000000005d0                DMA1_Channel6_IRQHandler
                0x00000000000005d2                DMA1_Channel7_IRQHandler
                0x00000000000005d4                ADC1_2_IRQHandler
                0x00000000000005d6                USB_HP_CAN1_TX_IRQHandler
                0x00000000000005d8                USB_LP_CAN1_RX0_IRQHandler
                0x00000000000005da                CAN1_RX1_IRQHandler
                0x00000000000005dc                CAN1_SCE_IRQHandler
                0x00000000000005de                EXTI9_5_IRQHandler
                0x00000000000005e0                TIM1_BRK_IRQHandler
                0x00000000000005e2                TIM1_UP_IRQHandler
                0x00000000000005e4                TIM1_TRG_COM_IRQHandler
                0x00000000000005e6                TIM1_CC_IRQHandler
                0x00000000000005e8                TIM2_IRQHandler
                0x00000000000005ea                TIM3_IRQHandler
                0x00000000000005ec                TIM4_IRQHandler
                0x00000000000005ee                I2C1_EV_IRQHandler
                0x00000000000005f0                I2C1_ER_IRQHandler
                0x00000000000005f2                I2C2_EV_IRQHandler
                0x00000000000005f4                I2C2_ER_IRQHandler
                0x00000000000005f6                SPI1_IRQHandler
                0x00000000000005f8                SPI2_IRQHandler
                0x00000000000005fa                USART1_IRQHandler
                0x00000000000005fc                USART2_IRQHandler
                0x00000000000005fe                USART3_IRQHandler
                0x0000000000000600                EXTI15_10_IRQHandler
                0x0000000000000602                RTCAlarm_IRQHandler
                0x0000000000000604                USBWakeUp_IRQHandler
                0x0000000000000606                TIM8_BRK_IRQHandler
                0x0000000000000608                TIM8_UP_IRQHandler
                0x000000000000060a                TIM8_TRG_COM_IRQHandler
                0x000000000000060c                TIM8_CC_IRQHandler
                0x000000000000060e                RNG_IRQHandler
                0x0000000000000610                FSMC_IRQHandler
                0x0000000000000612                SDIO_IRQHandler
                0x0000000000000614                TIM5_IRQHandler
                0x0000000000000616                SPI3_IRQHandler
                0x0000000000000618                UART4_IRQHandler
                0x000000000000061c                TIM6_IRQHandler
                0x000000000000061e                TIM7_IRQHandler
                0x0000000000000620                DMA2_Channel1_IRQHandler
                0x0000000000000622                DMA2_Channel2_IRQHandler
                0x0000000000000624                DMA2_Channel3_IRQHandler
                0x0000000000000626                DMA2_Channel4_IRQHandler
                0x0000000000000628                DMA2_Channel5_IRQHandler
                0x000000000000062a                ETH_IRQHandler
                0x000000000000062c                ETH_WKUP_IRQHandler
                0x000000000000062e                CAN2_TX_IRQHandler
                0x0000000000000630                CAN2_RX0_IRQHandler
                0x0000000000000632                CAN2_RX1_IRQHandler
                0x0000000000000634                CAN2_SCE_IRQHandler
                0x0000000000000636                OTG_FS_IRQHandler
                0x0000000000000638                USBHSWakeup_IRQHandler
                0x000000000000063a                USBHS_IRQHandler
                0x000000000000063e                UART6_IRQHandler
                0x0000000000000640                UART7_IRQHandler
                0x0000000000000642                UART8_IRQHandler
                0x0000000000000644                TIM9_BRK_IRQHandler
                0x0000000000000646                TIM9_UP_IRQHandler
                0x0000000000000648                TIM9_TRG_COM_IRQHandler
                0x000000000000064a                TIM9_CC_IRQHandler
                0x000000000000064c                TIM10_BRK_IRQHandler
                0x000000000000064e                TIM10_UP_IRQHandler
                0x0000000000000650                TIM10_TRG_COM_IRQHandler
                0x0000000000000652                TIM10_CC_IRQHandler
                0x0000000000000654                DMA2_Channel6_IRQHandler
                0x0000000000000656                DMA2_Channel7_IRQHandler
                0x0000000000000658                DMA2_Channel8_IRQHandler
                0x000000000000065a                DMA2_Channel9_IRQHandler
                0x000000000000065c                DMA2_Channel10_IRQHandler
                0x000000000000065e                DMA2_Channel11_IRQHandler
 .text.handle_reset
                0x0000000000000660       0x8a ./Startup/startup_ch32v30x_D8C.o
                0x0000000000000660                handle_reset
 .text.DBGMCU_GetCHIPID
                0x00000000000006ea        0xa ./Peripheral/src/ch32v30x_dbgmcu.o
                0x00000000000006ea                DBGMCU_GetCHIPID
 .text.GPIO_Init
                0x00000000000006f4       0xc0 ./Peripheral/src/ch32v30x_gpio.o
                0x00000000000006f4                GPIO_Init
 .text.GPIO_SetBits
                0x00000000000007b4        0x4 ./Peripheral/src/ch32v30x_gpio.o
                0x00000000000007b4                GPIO_SetBits
 .text.GPIO_PinRemapConfig
                0x00000000000007b8       0xd6 ./Peripheral/src/ch32v30x_gpio.o
                0x00000000000007b8                GPIO_PinRemapConfig
 .text.NVIC_PriorityGroupConfig
                0x000000000000088e        0x6 ./Peripheral/src/ch32v30x_misc.o
                0x000000000000088e                NVIC_PriorityGroupConfig
 .text.NVIC_Init
                0x0000000000000894       0xa6 ./Peripheral/src/ch32v30x_misc.o
                0x0000000000000894                NVIC_Init
 .text.RCC_GetClocksFreq
                0x000000000000093a      0x176 ./Peripheral/src/ch32v30x_rcc.o
                0x000000000000093a                RCC_GetClocksFreq
 .text.RCC_AHBPeriphClockCmd
                0x0000000000000ab0       0x1e ./Peripheral/src/ch32v30x_rcc.o
                0x0000000000000ab0                RCC_AHBPeriphClockCmd
 .text.RCC_APB2PeriphClockCmd
                0x0000000000000ace       0x1e ./Peripheral/src/ch32v30x_rcc.o
                0x0000000000000ace                RCC_APB2PeriphClockCmd
 .text.RCC_APB1PeriphClockCmd
                0x0000000000000aec       0x1e ./Peripheral/src/ch32v30x_rcc.o
                0x0000000000000aec                RCC_APB1PeriphClockCmd
 .text.USART_Init
                0x0000000000000b0a       0xba ./Peripheral/src/ch32v30x_usart.o
                0x0000000000000b0a                USART_Init
 .text.USART_Cmd
                0x0000000000000bc4       0x16 ./Peripheral/src/ch32v30x_usart.o
                0x0000000000000bc4                USART_Cmd
 .text.USART_ITConfig
                0x0000000000000bda       0x36 ./Peripheral/src/ch32v30x_usart.o
                0x0000000000000bda                USART_ITConfig
 .text.USART_SendData
                0x0000000000000c10        0x8 ./Peripheral/src/ch32v30x_usart.o
                0x0000000000000c10                USART_SendData
 .text.USART_ReceiveData
                0x0000000000000c18        0x8 ./Peripheral/src/ch32v30x_usart.o
                0x0000000000000c18                USART_ReceiveData
 .text.USART_GetFlagStatus
                0x0000000000000c20        0xa ./Peripheral/src/ch32v30x_usart.o
                0x0000000000000c20                USART_GetFlagStatus
 .text.USART_GetITStatus
                0x0000000000000c2a       0x3c ./Peripheral/src/ch32v30x_usart.o
                0x0000000000000c2a                USART_GetITStatus
 .text.USART_ClearITPendingBit
                0x0000000000000c66       0x14 ./Peripheral/src/ch32v30x_usart.o
                0x0000000000000c66                USART_ClearITPendingBit
 .text.DVP_Init
                0x0000000000000c7a       0x9e ./Hardware/dvp.o
                0x0000000000000c7a                DVP_Init
 .text.DVP_IRQHandler
                0x0000000000000d18      0x14a ./Hardware/dvp.o
                0x0000000000000d18                DVP_IRQHandler
 .text.SCCB_GPIO_Init
                0x0000000000000e62       0x4e ./Hardware/ov.o
                0x0000000000000e62                SCCB_GPIO_Init
 .text.SCCB_Start
                0x0000000000000eb0       0x3a ./Hardware/ov.o
                0x0000000000000eb0                SCCB_Start
 .text.SCCB_Stop
                0x0000000000000eea       0x3e ./Hardware/ov.o
                0x0000000000000eea                SCCB_Stop
 .text.SCCB_No_Ack
                0x0000000000000f28       0x4a ./Hardware/ov.o
                0x0000000000000f28                SCCB_No_Ack
 .text.SCCB_WR_Byte
                0x0000000000000f72       0xac ./Hardware/ov.o
                0x0000000000000f72                SCCB_WR_Byte
 .text.SCCB_RD_Byte
                0x000000000000101e       0x86 ./Hardware/ov.o
                0x000000000000101e                SCCB_RD_Byte
 .text.SCCB_WR_Reg
                0x00000000000010a4       0x44 ./Hardware/ov.o
                0x00000000000010a4                SCCB_WR_Reg
 .text.SCCB_RD_Reg
                0x00000000000010e8       0x46 ./Hardware/ov.o
                0x00000000000010e8                SCCB_RD_Reg
 .text.DVP_GPIO_Init
                0x000000000000112e       0x80 ./Hardware/ov.o
                0x000000000000112e                DVP_GPIO_Init
 .text.OV2640_Init
                0x00000000000011ae       0xb6 ./Hardware/ov.o
                0x00000000000011ae                OV2640_Init
 .text.OV2640_JPEG_Mode
                0x0000000000001264       0x34 ./Hardware/ov.o
                0x0000000000001264                OV2640_JPEG_Mode
 .text.OV2640_RGB565_Mode
                0x0000000000001298       0x1e ./Hardware/ov.o
                0x0000000000001298                OV2640_RGB565_Mode
 .text.OV2640_OutSize_Set
                0x00000000000012b6       0x60 ./Hardware/ov.o
                0x00000000000012b6                OV2640_OutSize_Set
 .text.OV2640_Speed_Set
                0x0000000000001316       0x2a ./Hardware/ov.o
                0x0000000000001316                OV2640_Speed_Set
 .text.RGB565_Mode_Init
                0x0000000000001340       0x1a ./Hardware/ov.o
                0x0000000000001340                RGB565_Mode_Init
 .text.JPEG_Mode_Init
                0x000000000000135a       0x1a ./Hardware/ov.o
                0x000000000000135a                JPEG_Mode_Init
 .text.Propeller_Init
                0x0000000000001374       0x38 ./Hardware/propeller.o
                0x0000000000001374                Propeller_Init
 .text.UART5_Init
                0x00000000000013ac       0xae ./Hardware/uart5.o
                0x00000000000013ac                UART5_Init
 .text.UART5_IRQHandler
                0x000000000000145a       0x88 ./Hardware/uart5.o
                0x000000000000145a                UART5_IRQHandler
 .text.Serial_GetRxFlag
                0x00000000000014e2       0x16 ./Hardware/uart5.o
                0x00000000000014e2                Serial_GetRxFlag
 .text.Serial_SendByte
                0x00000000000014f8       0x20 ./Hardware/uart5.o
                0x00000000000014f8                Serial_SendByte
 .text.Serial_SendString
                0x0000000000001518       0x24 ./Hardware/uart5.o
                0x0000000000001518                Serial_SendString
 .text.Serial_SendNumber
                0x000000000000153c       0x34 ./Hardware/uart5.o
                0x000000000000153c                Serial_SendNumber
 .text.Delay_Init
                0x0000000000001570       0x2a ./Debug/debug.o
                0x0000000000001570                Delay_Init
 .text.Delay_Us
                0x000000000000159a       0x36 ./Debug/debug.o
                0x000000000000159a                Delay_Us
 .text.Delay_Ms
                0x00000000000015d0       0x36 ./Debug/debug.o
                0x00000000000015d0                Delay_Ms
 .text._write   0x0000000000001606       0x3a ./Debug/debug.o
                0x0000000000001606                _write
 .text._sbrk    0x0000000000001640       0x26 ./Debug/debug.o
                0x0000000000001640                _sbrk
 .text.printf   0x0000000000001666       0x40 c:/mounriver/mounriver_studio/toolchain/risc-v embedded gcc/bin/../lib/gcc/riscv-none-embed/8.2.0/../../../../riscv-none-embed/lib/rv32imacxw/ilp32\libg_nano.a(lib_a-printf.o)
                0x0000000000001666                iprintf
                0x0000000000001666                printf
 .text._puts_r  0x00000000000016a6       0xd4 c:/mounriver/mounriver_studio/toolchain/risc-v embedded gcc/bin/../lib/gcc/riscv-none-embed/8.2.0/../../../../riscv-none-embed/lib/rv32imacxw/ilp32\libg_nano.a(lib_a-puts.o)
                0x00000000000016a6                _puts_r
 .text.puts     0x000000000000177a        0xa c:/mounriver/mounriver_studio/toolchain/risc-v embedded gcc/bin/../lib/gcc/riscv-none-embed/8.2.0/../../../../riscv-none-embed/lib/rv32imacxw/ilp32\libg_nano.a(lib_a-puts.o)
                0x000000000000177a                puts
 .text.__swbuf_r
                0x0000000000001784       0xbc c:/mounriver/mounriver_studio/toolchain/risc-v embedded gcc/bin/../lib/gcc/riscv-none-embed/8.2.0/../../../../riscv-none-embed/lib/rv32imacxw/ilp32\libg_nano.a(lib_a-wbuf.o)
                0x0000000000001784                __swbuf_r
 .text.__swsetup_r
                0x0000000000001840       0xfc c:/mounriver/mounriver_studio/toolchain/risc-v embedded gcc/bin/../lib/gcc/riscv-none-embed/8.2.0/../../../../riscv-none-embed/lib/rv32imacxw/ilp32\libg_nano.a(lib_a-wsetup.o)
                0x0000000000001840                __swsetup_r
 .text.__sflush_r
                0x000000000000193c      0x130 c:/mounriver/mounriver_studio/toolchain/risc-v embedded gcc/bin/../lib/gcc/riscv-none-embed/8.2.0/../../../../riscv-none-embed/lib/rv32imacxw/ilp32\libg_nano.a(lib_a-fflush.o)
                0x000000000000193c                __sflush_r
 .text._fflush_r
                0x0000000000001a6c       0x64 c:/mounriver/mounriver_studio/toolchain/risc-v embedded gcc/bin/../lib/gcc/riscv-none-embed/8.2.0/../../../../riscv-none-embed/lib/rv32imacxw/ilp32\libg_nano.a(lib_a-fflush.o)
                0x0000000000001a6c                _fflush_r
 .text.std      0x0000000000001ad0       0x66 c:/mounriver/mounriver_studio/toolchain/risc-v embedded gcc/bin/../lib/gcc/riscv-none-embed/8.2.0/../../../../riscv-none-embed/lib/rv32imacxw/ilp32\libg_nano.a(lib_a-findfp.o)
 .text._cleanup_r
                0x0000000000001b36        0xa c:/mounriver/mounriver_studio/toolchain/risc-v embedded gcc/bin/../lib/gcc/riscv-none-embed/8.2.0/../../../../riscv-none-embed/lib/rv32imacxw/ilp32\libg_nano.a(lib_a-findfp.o)
                0x0000000000001b36                _cleanup_r
 .text.__sfmoreglue
                0x0000000000001b40       0x46 c:/mounriver/mounriver_studio/toolchain/risc-v embedded gcc/bin/../lib/gcc/riscv-none-embed/8.2.0/../../../../riscv-none-embed/lib/rv32imacxw/ilp32\libg_nano.a(lib_a-findfp.o)
                0x0000000000001b40                __sfmoreglue
 .text.__sinit  0x0000000000001b86       0x66 c:/mounriver/mounriver_studio/toolchain/risc-v embedded gcc/bin/../lib/gcc/riscv-none-embed/8.2.0/../../../../riscv-none-embed/lib/rv32imacxw/ilp32\libg_nano.a(lib_a-findfp.o)
                0x0000000000001b86                __sinit
 .text.__sfp    0x0000000000001bec       0x9c c:/mounriver/mounriver_studio/toolchain/risc-v embedded gcc/bin/../lib/gcc/riscv-none-embed/8.2.0/../../../../riscv-none-embed/lib/rv32imacxw/ilp32\libg_nano.a(lib_a-findfp.o)
                0x0000000000001bec                __sfp
 .text._fwalk_reent
                0x0000000000001c88       0x6a c:/mounriver/mounriver_studio/toolchain/risc-v embedded gcc/bin/../lib/gcc/riscv-none-embed/8.2.0/../../../../riscv-none-embed/lib/rv32imacxw/ilp32\libg_nano.a(lib_a-fwalk.o)
                0x0000000000001c88                _fwalk_reent
 .text.__swhatbuf_r
                0x0000000000001cf2       0x58 c:/mounriver/mounriver_studio/toolchain/risc-v embedded gcc/bin/../lib/gcc/riscv-none-embed/8.2.0/../../../../riscv-none-embed/lib/rv32imacxw/ilp32\libg_nano.a(lib_a-makebuf.o)
                0x0000000000001cf2                __swhatbuf_r
 .text.__smakebuf_r
                0x0000000000001d4a       0x90 c:/mounriver/mounriver_studio/toolchain/risc-v embedded gcc/bin/../lib/gcc/riscv-none-embed/8.2.0/../../../../riscv-none-embed/lib/rv32imacxw/ilp32\libg_nano.a(lib_a-makebuf.o)
                0x0000000000001d4a                __smakebuf_r
 .text._free_r  0x0000000000001dda       0xa8 c:/mounriver/mounriver_studio/toolchain/risc-v embedded gcc/bin/../lib/gcc/riscv-none-embed/8.2.0/../../../../riscv-none-embed/lib/rv32imacxw/ilp32\libg_nano.a(lib_a-nano-freer.o)
                0x0000000000001dda                _free_r
 .text._malloc_r
                0x0000000000001e82       0xd4 c:/mounriver/mounriver_studio/toolchain/risc-v embedded gcc/bin/../lib/gcc/riscv-none-embed/8.2.0/../../../../riscv-none-embed/lib/rv32imacxw/ilp32\libg_nano.a(lib_a-nano-mallocr.o)
                0x0000000000001e82                _malloc_r
 .text.__sfputc_r
                0x0000000000001f56       0x28 c:/mounriver/mounriver_studio/toolchain/risc-v embedded gcc/bin/../lib/gcc/riscv-none-embed/8.2.0/../../../../riscv-none-embed/lib/rv32imacxw/ilp32\libg_nano.a(lib_a-nano-vfprintf.o)
 .text.__sfputs_r
                0x0000000000001f7e       0x40 c:/mounriver/mounriver_studio/toolchain/risc-v embedded gcc/bin/../lib/gcc/riscv-none-embed/8.2.0/../../../../riscv-none-embed/lib/rv32imacxw/ilp32\libg_nano.a(lib_a-nano-vfprintf.o)
                0x0000000000001f7e                __sfputs_r
 .text._vfprintf_r
                0x0000000000001fbe      0x286 c:/mounriver/mounriver_studio/toolchain/risc-v embedded gcc/bin/../lib/gcc/riscv-none-embed/8.2.0/../../../../riscv-none-embed/lib/rv32imacxw/ilp32\libg_nano.a(lib_a-nano-vfprintf.o)
                0x0000000000001fbe                _vfprintf_r
                0x0000000000001fbe                _vfiprintf_r
 .text._printf_common
                0x0000000000002244      0x10c c:/mounriver/mounriver_studio/toolchain/risc-v embedded gcc/bin/../lib/gcc/riscv-none-embed/8.2.0/../../../../riscv-none-embed/lib/rv32imacxw/ilp32\libg_nano.a(lib_a-nano-vfprintf_i.o)
                0x0000000000002244                _printf_common
 .text._printf_i
                0x0000000000002350      0x2a0 c:/mounriver/mounriver_studio/toolchain/risc-v embedded gcc/bin/../lib/gcc/riscv-none-embed/8.2.0/../../../../riscv-none-embed/lib/rv32imacxw/ilp32\libg_nano.a(lib_a-nano-vfprintf_i.o)
                0x0000000000002350                _printf_i
 .text._sbrk_r  0x00000000000025f0       0x2a c:/mounriver/mounriver_studio/toolchain/risc-v embedded gcc/bin/../lib/gcc/riscv-none-embed/8.2.0/../../../../riscv-none-embed/lib/rv32imacxw/ilp32\libg_nano.a(lib_a-sbrkr.o)
                0x00000000000025f0                _sbrk_r
 .text.__sread  0x000000000000261a       0x2c c:/mounriver/mounriver_studio/toolchain/risc-v embedded gcc/bin/../lib/gcc/riscv-none-embed/8.2.0/../../../../riscv-none-embed/lib/rv32imacxw/ilp32\libg_nano.a(lib_a-stdio.o)
                0x000000000000261a                __sread
 .text.__swrite
                0x0000000000002646       0x48 c:/mounriver/mounriver_studio/toolchain/risc-v embedded gcc/bin/../lib/gcc/riscv-none-embed/8.2.0/../../../../riscv-none-embed/lib/rv32imacxw/ilp32\libg_nano.a(lib_a-stdio.o)
                0x0000000000002646                __swrite
 .text.__sseek  0x000000000000268e       0x30 c:/mounriver/mounriver_studio/toolchain/risc-v embedded gcc/bin/../lib/gcc/riscv-none-embed/8.2.0/../../../../riscv-none-embed/lib/rv32imacxw/ilp32\libg_nano.a(lib_a-stdio.o)
                0x000000000000268e                __sseek
 .text.__sclose
                0x00000000000026be        0x6 c:/mounriver/mounriver_studio/toolchain/risc-v embedded gcc/bin/../lib/gcc/riscv-none-embed/8.2.0/../../../../riscv-none-embed/lib/rv32imacxw/ilp32\libg_nano.a(lib_a-stdio.o)
                0x00000000000026be                __sclose
 .text._write_r
                0x00000000000026c4       0x2e c:/mounriver/mounriver_studio/toolchain/risc-v embedded gcc/bin/../lib/gcc/riscv-none-embed/8.2.0/../../../../riscv-none-embed/lib/rv32imacxw/ilp32\libg_nano.a(lib_a-writer.o)
                0x00000000000026c4                _write_r
 .text._close_r
                0x00000000000026f2       0x28 c:/mounriver/mounriver_studio/toolchain/risc-v embedded gcc/bin/../lib/gcc/riscv-none-embed/8.2.0/../../../../riscv-none-embed/lib/rv32imacxw/ilp32\libg_nano.a(lib_a-closer.o)
                0x00000000000026f2                _close_r
 .text._fstat_r
                0x000000000000271a       0x2a c:/mounriver/mounriver_studio/toolchain/risc-v embedded gcc/bin/../lib/gcc/riscv-none-embed/8.2.0/../../../../riscv-none-embed/lib/rv32imacxw/ilp32\libg_nano.a(lib_a-fstatr.o)
                0x000000000000271a                _fstat_r
 .text._isatty_r
                0x0000000000002744       0x28 c:/mounriver/mounriver_studio/toolchain/risc-v embedded gcc/bin/../lib/gcc/riscv-none-embed/8.2.0/../../../../riscv-none-embed/lib/rv32imacxw/ilp32\libg_nano.a(lib_a-isattyr.o)
                0x0000000000002744                _isatty_r
 .text._lseek_r
                0x000000000000276c       0x2c c:/mounriver/mounriver_studio/toolchain/risc-v embedded gcc/bin/../lib/gcc/riscv-none-embed/8.2.0/../../../../riscv-none-embed/lib/rv32imacxw/ilp32\libg_nano.a(lib_a-lseekr.o)
                0x000000000000276c                _lseek_r
 .text.memchr   0x0000000000002798       0x18 c:/mounriver/mounriver_studio/toolchain/risc-v embedded gcc/bin/../lib/gcc/riscv-none-embed/8.2.0/../../../../riscv-none-embed/lib/rv32imacxw/ilp32\libg_nano.a(lib_a-memchr.o)
                0x0000000000002798                memchr
 .text.__malloc_lock
                0x00000000000027b0        0x2 c:/mounriver/mounriver_studio/toolchain/risc-v embedded gcc/bin/../lib/gcc/riscv-none-embed/8.2.0/../../../../riscv-none-embed/lib/rv32imacxw/ilp32\libg_nano.a(lib_a-mlock.o)
                0x00000000000027b0                __malloc_lock
 .text.__malloc_unlock
                0x00000000000027b2        0x2 c:/mounriver/mounriver_studio/toolchain/risc-v embedded gcc/bin/../lib/gcc/riscv-none-embed/8.2.0/../../../../riscv-none-embed/lib/rv32imacxw/ilp32\libg_nano.a(lib_a-mlock.o)
                0x00000000000027b2                __malloc_unlock
 .text._read_r  0x00000000000027b4       0x2c c:/mounriver/mounriver_studio/toolchain/risc-v embedded gcc/bin/../lib/gcc/riscv-none-embed/8.2.0/../../../../riscv-none-embed/lib/rv32imacxw/ilp32\libg_nano.a(lib_a-readr.o)
                0x00000000000027b4                _read_r
 .text._close   0x00000000000027e0        0xc c:/mounriver/mounriver_studio/toolchain/risc-v embedded gcc/bin/../lib/gcc/riscv-none-embed/8.2.0/../../../../riscv-none-embed/lib/rv32imacxw/ilp32\libnosys.a(close.o)
                0x00000000000027e0                _close
 .text._fstat   0x00000000000027ec        0xc c:/mounriver/mounriver_studio/toolchain/risc-v embedded gcc/bin/../lib/gcc/riscv-none-embed/8.2.0/../../../../riscv-none-embed/lib/rv32imacxw/ilp32\libnosys.a(fstat.o)
                0x00000000000027ec                _fstat
 .text._isatty  0x00000000000027f8        0xc c:/mounriver/mounriver_studio/toolchain/risc-v embedded gcc/bin/../lib/gcc/riscv-none-embed/8.2.0/../../../../riscv-none-embed/lib/rv32imacxw/ilp32\libnosys.a(isatty.o)
                0x00000000000027f8                _isatty
 .text._lseek   0x0000000000002804        0xc c:/mounriver/mounriver_studio/toolchain/risc-v embedded gcc/bin/../lib/gcc/riscv-none-embed/8.2.0/../../../../riscv-none-embed/lib/rv32imacxw/ilp32\libnosys.a(lseek.o)
                0x0000000000002804                _lseek
 .text._read    0x0000000000002810        0xc c:/mounriver/mounriver_studio/toolchain/risc-v embedded gcc/bin/../lib/gcc/riscv-none-embed/8.2.0/../../../../riscv-none-embed/lib/rv32imacxw/ilp32\libnosys.a(read.o)
                0x0000000000002810                _read
 *(.rodata)
 *(.rodata*)
 *fill*         0x000000000000281c        0x0 
 .rodata.main.str1.4
                0x000000000000281c       0x6c ./User/main.o
 .rodata.OV2640_Init.str1.4
                0x0000000000002888       0x17 ./Hardware/ov.o
 *fill*         0x000000000000289f        0x1 
 .rodata.OV2640_InitRegTbl
                0x00000000000028a0      0x164 ./Hardware/ov.o
                0x00000000000028a0                OV2640_InitRegTbl
 .rodata.OV2640_JPEGRegTbl
                0x0000000000002a04        0xe ./Hardware/ov.o
                0x0000000000002a04                OV2640_JPEGRegTbl
 *fill*         0x0000000000002a12        0x2 
 .rodata.OV2640_RGB565RegTbl
                0x0000000000002a14       0x1c ./Hardware/ov.o
                0x0000000000002a14                OV2640_RGB565RegTbl
 .rodata.OV2640_YUV422RegTbl
                0x0000000000002a30       0x10 ./Hardware/ov.o
                0x0000000000002a30                OV2640_YUV422RegTbl
 .rodata.__sf_fake_stderr
                0x0000000000002a40       0x20 c:/mounriver/mounriver_studio/toolchain/risc-v embedded gcc/bin/../lib/gcc/riscv-none-embed/8.2.0/../../../../riscv-none-embed/lib/rv32imacxw/ilp32\libg_nano.a(lib_a-findfp.o)
                0x0000000000002a40                __sf_fake_stderr
 .rodata.__sf_fake_stdin
                0x0000000000002a60       0x20 c:/mounriver/mounriver_studio/toolchain/risc-v embedded gcc/bin/../lib/gcc/riscv-none-embed/8.2.0/../../../../riscv-none-embed/lib/rv32imacxw/ilp32\libg_nano.a(lib_a-findfp.o)
                0x0000000000002a60                __sf_fake_stdin
 .rodata.__sf_fake_stdout
                0x0000000000002a80       0x20 c:/mounriver/mounriver_studio/toolchain/risc-v embedded gcc/bin/../lib/gcc/riscv-none-embed/8.2.0/../../../../riscv-none-embed/lib/rv32imacxw/ilp32\libg_nano.a(lib_a-findfp.o)
                0x0000000000002a80                __sf_fake_stdout
 .rodata._vfprintf_r.str1.4
                0x0000000000002aa0       0x13 c:/mounriver/mounriver_studio/toolchain/risc-v embedded gcc/bin/../lib/gcc/riscv-none-embed/8.2.0/../../../../riscv-none-embed/lib/rv32imacxw/ilp32\libg_nano.a(lib_a-nano-vfprintf.o)
 *fill*         0x0000000000002ab3        0x1 
 .rodata._printf_i.str1.4
                0x0000000000002ab4       0x28 c:/mounriver/mounriver_studio/toolchain/risc-v embedded gcc/bin/../lib/gcc/riscv-none-embed/8.2.0/../../../../riscv-none-embed/lib/rv32imacxw/ilp32\libg_nano.a(lib_a-nano-vfprintf_i.o)
                                         0x25 (size before relaxing)
 *(.gnu.linkonce.t.*)
                0x0000000000002adc                . = ALIGN (0x4)

.rela.dyn       0x0000000000002adc        0x0
 .rela.init     0x0000000000002adc        0x0 ./User/ch32v30x_it.o
 .rela.vector   0x0000000000002adc        0x0 ./User/ch32v30x_it.o
 .rela.text.handle_reset
                0x0000000000002adc        0x0 ./User/ch32v30x_it.o
 .rela.text._sbrk
                0x0000000000002adc        0x0 ./User/ch32v30x_it.o
 .rela.sdata.curbrk.5269
                0x0000000000002adc        0x0 ./User/ch32v30x_it.o
 .rela.text._vfprintf_r
                0x0000000000002adc        0x0 ./User/ch32v30x_it.o
 .rela.text._sbrk_r
                0x0000000000002adc        0x0 ./User/ch32v30x_it.o
 .rela.text._write_r
                0x0000000000002adc        0x0 ./User/ch32v30x_it.o
 .rela.text._close_r
                0x0000000000002adc        0x0 ./User/ch32v30x_it.o
 .rela.text._fstat_r
                0x0000000000002adc        0x0 ./User/ch32v30x_it.o
 .rela.text._isatty_r
                0x0000000000002adc        0x0 ./User/ch32v30x_it.o
 .rela.text._lseek_r
                0x0000000000002adc        0x0 ./User/ch32v30x_it.o
 .rela.text._read_r
                0x0000000000002adc        0x0 ./User/ch32v30x_it.o
 .rela.text._close
                0x0000000000002adc        0x0 ./User/ch32v30x_it.o
 .rela.text._fstat
                0x0000000000002adc        0x0 ./User/ch32v30x_it.o
 .rela.text._isatty
                0x0000000000002adc        0x0 ./User/ch32v30x_it.o
 .rela.text._lseek
                0x0000000000002adc        0x0 ./User/ch32v30x_it.o
 .rela.text._read
                0x0000000000002adc        0x0 ./User/ch32v30x_it.o

.fini           0x0000000000002adc        0x0
 *(SORT_NONE(.fini))
                0x0000000000002adc                . = ALIGN (0x4)
                [!provide]                        PROVIDE (_etext = .)
                [!provide]                        PROVIDE (_eitcm = .)

.preinit_array  0x0000000000002adc        0x0
                [!provide]                        PROVIDE (__preinit_array_start = .)
 *(.preinit_array)
                [!provide]                        PROVIDE (__preinit_array_end = .)

.init_array     0x0000000000002adc        0x0
                [!provide]                        PROVIDE (__init_array_start = .)
 *(SORT_BY_INIT_PRIORITY(.init_array.*) SORT_BY_INIT_PRIORITY(.ctors.*))
 *(.init_array EXCLUDE_FILE(*crtend?.o *crtend.o *crtbegin?.o *crtbegin.o) .ctors)
                [!provide]                        PROVIDE (__init_array_end = .)

.fini_array     0x0000000000002adc        0x0
                [!provide]                        PROVIDE (__fini_array_start = .)
 *(SORT_BY_INIT_PRIORITY(.fini_array.*) SORT_BY_INIT_PRIORITY(.dtors.*))
 *(.fini_array EXCLUDE_FILE(*crtend?.o *crtend.o *crtbegin?.o *crtbegin.o) .dtors)
                [!provide]                        PROVIDE (__fini_array_end = .)

.ctors
 *crtbegin.o(.ctors)
 *crtbegin?.o(.ctors)
 *(EXCLUDE_FILE(*crtend?.o *crtend.o) .ctors)
 *(SORT_BY_NAME(.ctors.*))
 *(.ctors)

.dtors
 *crtbegin.o(.dtors)
 *crtbegin?.o(.dtors)
 *(EXCLUDE_FILE(*crtend?.o *crtend.o) .dtors)
 *(SORT_BY_NAME(.dtors.*))
 *(.dtors)

.dalign         0x0000000020000000        0x0 load address 0x0000000000002adc
                0x0000000020000000                . = ALIGN (0x4)
                0x0000000020000000                PROVIDE (_data_vma = .)

.dlalign        0x0000000000002adc        0x0
                0x0000000000002adc                . = ALIGN (0x4)
                0x0000000000002adc                PROVIDE (_data_lma = .)

.data           0x0000000020000000       0xa0 load address 0x0000000000002adc
 *(.gnu.linkonce.r.*)
 *(.data .data.*)
 .data.AHBPrescTable
                0x0000000020000000       0x10 ./User/system_ch32v30x.o
                0x0000000020000000                AHBPrescTable
 .data.APBAHBPrescTable
                0x0000000020000010       0x10 ./Peripheral/src/ch32v30x_rcc.o
 .data.impure_data
                0x0000000020000020       0x60 c:/mounriver/mounriver_studio/toolchain/risc-v embedded gcc/bin/../lib/gcc/riscv-none-embed/8.2.0/../../../../riscv-none-embed/lib/rv32imacxw/ilp32\libg_nano.a(lib_a-impure.o)
 *(.gnu.linkonce.d.*)
                0x0000000020000080                . = ALIGN (0x8)
                0x0000000020000880                PROVIDE (__global_pointer$ = (. + 0x800))
 *(.sdata .sdata.*)
 .sdata.SystemCoreClock
                0x0000000020000080        0x4 ./User/system_ch32v30x.o
                0x0000000020000080                SystemCoreClock
 .sdata.ADCPrescTable
                0x0000000020000084        0x4 ./Peripheral/src/ch32v30x_rcc.o
 .sdata.JPEG_DVPDMAaddr0
                0x0000000020000088        0x4 ./Hardware/dvp.o
                0x0000000020000088                JPEG_DVPDMAaddr0
 .sdata.JPEG_DVPDMAaddr1
                0x000000002000008c        0x4 ./Hardware/dvp.o
                0x000000002000008c                JPEG_DVPDMAaddr1
 .sdata.curbrk.5269
                0x0000000020000090        0x4 ./Debug/debug.o
 .sdata._impure_ptr
                0x0000000020000094        0x4 c:/mounriver/mounriver_studio/toolchain/risc-v embedded gcc/bin/../lib/gcc/riscv-none-embed/8.2.0/../../../../riscv-none-embed/lib/rv32imacxw/ilp32\libg_nano.a(lib_a-impure.o)
                0x0000000020000094                _impure_ptr
 *(.sdata2.*)
 .sdata2._global_impure_ptr
                0x0000000020000098        0x4 c:/mounriver/mounriver_studio/toolchain/risc-v embedded gcc/bin/../lib/gcc/riscv-none-embed/8.2.0/../../../../riscv-none-embed/lib/rv32imacxw/ilp32\libg_nano.a(lib_a-impure.o)
                0x0000000020000098                _global_impure_ptr
 *(.gnu.linkonce.s.*)
                0x00000000200000a0                . = ALIGN (0x8)
 *fill*         0x000000002000009c        0x4 
 *(.srodata.cst16)
 *(.srodata.cst8)
 *(.srodata.cst4)
 *(.srodata.cst2)
 *(.srodata .srodata.*)
                0x00000000200000a0                . = ALIGN (0x4)
                0x00000000200000a0                PROVIDE (_edata = .)

.bss            0x00000000200000a0       0x2c load address 0x0000000000002b7c
                0x00000000200000a0                . = ALIGN (0x4)
                0x00000000200000a0                PROVIDE (_sbss = .)
 *(.sbss*)
 .sbss.NVIC_Priority_Group
                0x00000000200000a0        0x4 ./Peripheral/src/ch32v30x_misc.o
                0x00000000200000a0                NVIC_Priority_Group
 .sbss.addr_cnt
                0x00000000200000a4        0x4 ./Hardware/dvp.o
                0x00000000200000a4                addr_cnt
 .sbss.frame_cnt
                0x00000000200000a8        0x4 ./Hardware/dvp.o
                0x00000000200000a8                frame_cnt
 .sbss.href_cnt
                0x00000000200000ac        0x4 ./Hardware/dvp.o
                0x00000000200000ac                href_cnt
 .sbss.RxState.5251
                0x00000000200000b0        0x1 ./Hardware/uart5.o
 .sbss.Serial_RxFlag
                0x00000000200000b1        0x1 ./Hardware/uart5.o
                0x00000000200000b1                Serial_RxFlag
 *fill*         0x00000000200000b2        0x2 
 .sbss.Serial_RxPacket
                0x00000000200000b4        0x4 ./Hardware/uart5.o
                0x00000000200000b4                Serial_RxPacket
 .sbss.pRxPacket.5252
                0x00000000200000b8        0x1 ./Hardware/uart5.o
 *fill*         0x00000000200000b9        0x1 
 .sbss.p_ms     0x00000000200000ba        0x2 ./Debug/debug.o
 .sbss.p_us     0x00000000200000bc        0x1 ./Debug/debug.o
 *fill*         0x00000000200000bd        0x3 
 .sbss.__malloc_free_list
                0x00000000200000c0        0x4 c:/mounriver/mounriver_studio/toolchain/risc-v embedded gcc/bin/../lib/gcc/riscv-none-embed/8.2.0/../../../../riscv-none-embed/lib/rv32imacxw/ilp32\libg_nano.a(lib_a-nano-mallocr.o)
                0x00000000200000c0                __malloc_free_list
 .sbss.__malloc_sbrk_start
                0x00000000200000c4        0x4 c:/mounriver/mounriver_studio/toolchain/risc-v embedded gcc/bin/../lib/gcc/riscv-none-embed/8.2.0/../../../../riscv-none-embed/lib/rv32imacxw/ilp32\libg_nano.a(lib_a-nano-mallocr.o)
                0x00000000200000c4                __malloc_sbrk_start
 *(.gnu.linkonce.sb.*)
 *(.bss*)
 *(.gnu.linkonce.b.*)
 *(COMMON*)
 COMMON         0x00000000200000c8        0x4 c:/mounriver/mounriver_studio/toolchain/risc-v embedded gcc/bin/../lib/gcc/riscv-none-embed/8.2.0/../../../../riscv-none-embed/lib/rv32imacxw/ilp32\libg_nano.a(lib_a-reent.o)
                0x00000000200000c8                errno
                0x00000000200000cc                . = ALIGN (0x4)
                0x00000000200000cc                PROVIDE (_ebss = .)
                0x00000000200000cc                PROVIDE (_end = _ebss)
                [!provide]                        PROVIDE (end = .)

.stack          0x0000000020007800      0x800
                0x0000000020007800                PROVIDE (_heap_end = .)
                0x0000000020007800                . = ALIGN (0x4)
                [!provide]                        PROVIDE (_susrstack = .)
                0x0000000020008000                . = (. + __stack_size)
 *fill*         0x0000000020007800      0x800 
                0x0000000020008000                PROVIDE (_eusrstack = .)
OUTPUT(Prop.elf elf32-littleriscv)

.debug_info     0x0000000000000000     0xc921
 .debug_info    0x0000000000000000      0x962 ./User/ch32v30x_it.o
 .debug_info    0x0000000000000962      0xbf5 ./User/main.o
 .debug_info    0x0000000000001557      0xb89 ./User/system_ch32v30x.o
 .debug_info    0x00000000000020e0       0x22 ./Startup/startup_ch32v30x_D8C.o
 .debug_info    0x0000000000002102      0xa94 ./Peripheral/src/ch32v30x_dbgmcu.o
 .debug_info    0x0000000000002b96     0x11ea ./Peripheral/src/ch32v30x_gpio.o
 .debug_info    0x0000000000003d80      0xf72 ./Peripheral/src/ch32v30x_misc.o
 .debug_info    0x0000000000004cf2     0x156e ./Peripheral/src/ch32v30x_rcc.o
 .debug_info    0x0000000000006260     0x1420 ./Peripheral/src/ch32v30x_usart.o
 .debug_info    0x0000000000007680     0x1047 ./Hardware/dvp.o
 .debug_info    0x00000000000086c7     0x1473 ./Hardware/ov.o
 .debug_info    0x0000000000009b3a      0xb39 ./Hardware/propeller.o
 .debug_info    0x000000000000a673     0x1322 ./Hardware/uart5.o
 .debug_info    0x000000000000b995      0xf8c ./Debug/debug.o

.debug_abbrev   0x0000000000000000     0x259f
 .debug_abbrev  0x0000000000000000      0x1cf ./User/ch32v30x_it.o
 .debug_abbrev  0x00000000000001cf      0x22b ./User/main.o
 .debug_abbrev  0x00000000000003fa      0x2c0 ./User/system_ch32v30x.o
 .debug_abbrev  0x00000000000006ba       0x12 ./Startup/startup_ch32v30x_D8C.o
 .debug_abbrev  0x00000000000006cc      0x2f7 ./Peripheral/src/ch32v30x_dbgmcu.o
 .debug_abbrev  0x00000000000009c3      0x31a ./Peripheral/src/ch32v30x_gpio.o
 .debug_abbrev  0x0000000000000cdd      0x2fb ./Peripheral/src/ch32v30x_misc.o
 .debug_abbrev  0x0000000000000fd8      0x351 ./Peripheral/src/ch32v30x_rcc.o
 .debug_abbrev  0x0000000000001329      0x312 ./Peripheral/src/ch32v30x_usart.o
 .debug_abbrev  0x000000000000163b      0x2d9 ./Hardware/dvp.o
 .debug_abbrev  0x0000000000001914      0x3b7 ./Hardware/ov.o
 .debug_abbrev  0x0000000000001ccb      0x260 ./Hardware/propeller.o
 .debug_abbrev  0x0000000000001f2b      0x37b ./Hardware/uart5.o
 .debug_abbrev  0x00000000000022a6      0x2f9 ./Debug/debug.o

.debug_aranges  0x0000000000000000      0x5e8
 .debug_aranges
                0x0000000000000000       0x28 ./User/ch32v30x_it.o
 .debug_aranges
                0x0000000000000028       0x20 ./User/main.o
 .debug_aranges
                0x0000000000000048       0x28 ./User/system_ch32v30x.o
 .debug_aranges
                0x0000000000000070       0x30 ./Startup/startup_ch32v30x_D8C.o
 .debug_aranges
                0x00000000000000a0       0x48 ./Peripheral/src/ch32v30x_dbgmcu.o
 .debug_aranges
                0x00000000000000e8       0xb0 ./Peripheral/src/ch32v30x_gpio.o
 .debug_aranges
                0x0000000000000198       0x28 ./Peripheral/src/ch32v30x_misc.o
 .debug_aranges
                0x00000000000001c0      0x1a8 ./Peripheral/src/ch32v30x_rcc.o
 .debug_aranges
                0x0000000000000368      0x100 ./Peripheral/src/ch32v30x_usart.o
 .debug_aranges
                0x0000000000000468       0x30 ./Hardware/dvp.o
 .debug_aranges
                0x0000000000000498       0x98 ./Hardware/ov.o
 .debug_aranges
                0x0000000000000530       0x20 ./Hardware/propeller.o
 .debug_aranges
                0x0000000000000550       0x50 ./Hardware/uart5.o
 .debug_aranges
                0x00000000000005a0       0x48 ./Debug/debug.o

.debug_ranges   0x0000000000000000      0x5d8
 .debug_ranges  0x0000000000000000       0x18 ./User/ch32v30x_it.o
 .debug_ranges  0x0000000000000018       0x10 ./User/main.o
 .debug_ranges  0x0000000000000028       0x38 ./User/system_ch32v30x.o
 .debug_ranges  0x0000000000000060       0x28 ./Startup/startup_ch32v30x_D8C.o
 .debug_ranges  0x0000000000000088       0x50 ./Peripheral/src/ch32v30x_dbgmcu.o
 .debug_ranges  0x00000000000000d8       0xa0 ./Peripheral/src/ch32v30x_gpio.o
 .debug_ranges  0x0000000000000178       0x48 ./Peripheral/src/ch32v30x_misc.o
 .debug_ranges  0x00000000000001c0      0x198 ./Peripheral/src/ch32v30x_rcc.o
 .debug_ranges  0x0000000000000358       0xf0 ./Peripheral/src/ch32v30x_usart.o
 .debug_ranges  0x0000000000000448       0x48 ./Hardware/dvp.o
 .debug_ranges  0x0000000000000490       0x88 ./Hardware/ov.o
 .debug_ranges  0x0000000000000518       0x10 ./Hardware/propeller.o
 .debug_ranges  0x0000000000000528       0x78 ./Hardware/uart5.o
 .debug_ranges  0x00000000000005a0       0x38 ./Debug/debug.o

.debug_line     0x0000000000000000     0x78bc
 .debug_line    0x0000000000000000      0x209 ./User/ch32v30x_it.o
 .debug_line    0x0000000000000209      0x3f8 ./User/main.o
 .debug_line    0x0000000000000601      0x6eb ./User/system_ch32v30x.o
 .debug_line    0x0000000000000cec      0x356 ./Startup/startup_ch32v30x_D8C.o
 .debug_line    0x0000000000001042      0x339 ./Peripheral/src/ch32v30x_dbgmcu.o
 .debug_line    0x000000000000137b     0x1006 ./Peripheral/src/ch32v30x_gpio.o
 .debug_line    0x0000000000002381      0x469 ./Peripheral/src/ch32v30x_misc.o
 .debug_line    0x00000000000027ea     0x1921 ./Peripheral/src/ch32v30x_rcc.o
 .debug_line    0x000000000000410b      0xfbf ./Peripheral/src/ch32v30x_usart.o
 .debug_line    0x00000000000050ca      0x7af ./Hardware/dvp.o
 .debug_line    0x0000000000005879      0xec3 ./Hardware/ov.o
 .debug_line    0x000000000000673c      0x2e7 ./Hardware/propeller.o
 .debug_line    0x0000000000006a23      0x80c ./Hardware/uart5.o
 .debug_line    0x000000000000722f      0x68d ./Debug/debug.o

.debug_str      0x0000000000000000     0x2096
 .debug_str     0x0000000000000000      0x52f ./User/ch32v30x_it.o
                                        0x590 (size before relaxing)
 .debug_str     0x000000000000052f      0x11c ./User/main.o
                                        0x685 (size before relaxing)
 .debug_str     0x000000000000064b      0x100 ./User/system_ch32v30x.o
                                        0x6a6 (size before relaxing)
 .debug_str     0x000000000000074b       0x2e ./Startup/startup_ch32v30x_D8C.o
                                         0x44 (size before relaxing)
 .debug_str     0x0000000000000779       0xa6 ./Peripheral/src/ch32v30x_dbgmcu.o
                                        0x620 (size before relaxing)
 .debug_str     0x000000000000081f      0x3d6 ./Peripheral/src/ch32v30x_gpio.o
                                        0x98a (size before relaxing)
 .debug_str     0x0000000000000bf5      0x6f0 ./Peripheral/src/ch32v30x_misc.o
                                        0xca5 (size before relaxing)
 .debug_str     0x00000000000012e5      0x5cb ./Peripheral/src/ch32v30x_rcc.o
                                        0xca4 (size before relaxing)
 .debug_str     0x00000000000018b0      0x428 ./Peripheral/src/ch32v30x_usart.o
                                        0xaf1 (size before relaxing)
 .debug_str     0x0000000000001cd8      0x141 ./Hardware/dvp.o
                                        0xd5c (size before relaxing)
 .debug_str     0x0000000000001e19      0x17f ./Hardware/ov.o
                                        0x8ad (size before relaxing)
 .debug_str     0x0000000000001f98       0x18 ./Hardware/propeller.o
                                        0x71b (size before relaxing)
 .debug_str     0x0000000000001fb0       0x7b ./Hardware/uart5.o
                                        0xf5a (size before relaxing)
 .debug_str     0x000000000000202b       0x6b ./Debug/debug.o
                                        0x904 (size before relaxing)

.comment        0x0000000000000000       0x33
 .comment       0x0000000000000000       0x33 ./User/ch32v30x_it.o
                                         0x34 (size before relaxing)
 .comment       0x0000000000000033       0x34 ./User/main.o
 .comment       0x0000000000000033       0x34 ./User/system_ch32v30x.o
 .comment       0x0000000000000033       0x34 ./Peripheral/src/ch32v30x_dbgmcu.o
 .comment       0x0000000000000033       0x34 ./Peripheral/src/ch32v30x_gpio.o
 .comment       0x0000000000000033       0x34 ./Peripheral/src/ch32v30x_misc.o
 .comment       0x0000000000000033       0x34 ./Peripheral/src/ch32v30x_rcc.o
 .comment       0x0000000000000033       0x34 ./Peripheral/src/ch32v30x_usart.o
 .comment       0x0000000000000033       0x34 ./Hardware/dvp.o
 .comment       0x0000000000000033       0x34 ./Hardware/ov.o
 .comment       0x0000000000000033       0x34 ./Hardware/propeller.o
 .comment       0x0000000000000033       0x34 ./Hardware/uart5.o
 .comment       0x0000000000000033       0x34 ./Debug/debug.o

.debug_frame    0x0000000000000000     0x1580
 .debug_frame   0x0000000000000000       0x30 ./User/ch32v30x_it.o
 .debug_frame   0x0000000000000030       0x30 ./User/main.o
 .debug_frame   0x0000000000000060       0x3c ./User/system_ch32v30x.o
 .debug_frame   0x000000000000009c       0x70 ./Peripheral/src/ch32v30x_dbgmcu.o
 .debug_frame   0x000000000000010c      0x174 ./Peripheral/src/ch32v30x_gpio.o
 .debug_frame   0x0000000000000280       0x30 ./Peripheral/src/ch32v30x_misc.o
 .debug_frame   0x00000000000002b0      0x344 ./Peripheral/src/ch32v30x_rcc.o
 .debug_frame   0x00000000000005f4      0x204 ./Peripheral/src/ch32v30x_usart.o
 .debug_frame   0x00000000000007f8       0x8c ./Hardware/dvp.o
 .debug_frame   0x0000000000000884      0x238 ./Hardware/ov.o
 .debug_frame   0x0000000000000abc       0x34 ./Hardware/propeller.o
 .debug_frame   0x0000000000000af0       0xe4 ./Hardware/uart5.o
 .debug_frame   0x0000000000000bd4       0x98 ./Debug/debug.o
 .debug_frame   0x0000000000000c6c       0x54 c:/mounriver/mounriver_studio/toolchain/risc-v embedded gcc/bin/../lib/gcc/riscv-none-embed/8.2.0/../../../../riscv-none-embed/lib/rv32imacxw/ilp32\libg_nano.a(lib_a-printf.o)
 .debug_frame   0x0000000000000cc0       0x54 c:/mounriver/mounriver_studio/toolchain/risc-v embedded gcc/bin/../lib/gcc/riscv-none-embed/8.2.0/../../../../riscv-none-embed/lib/rv32imacxw/ilp32\libg_nano.a(lib_a-puts.o)
 .debug_frame   0x0000000000000d14       0x50 c:/mounriver/mounriver_studio/toolchain/risc-v embedded gcc/bin/../lib/gcc/riscv-none-embed/8.2.0/../../../../riscv-none-embed/lib/rv32imacxw/ilp32\libg_nano.a(lib_a-wbuf.o)
 .debug_frame   0x0000000000000d64       0x3c c:/mounriver/mounriver_studio/toolchain/risc-v embedded gcc/bin/../lib/gcc/riscv-none-embed/8.2.0/../../../../riscv-none-embed/lib/rv32imacxw/ilp32\libg_nano.a(lib_a-wsetup.o)
 .debug_frame   0x0000000000000da0       0x7c c:/mounriver/mounriver_studio/toolchain/risc-v embedded gcc/bin/../lib/gcc/riscv-none-embed/8.2.0/../../../../riscv-none-embed/lib/rv32imacxw/ilp32\libg_nano.a(lib_a-fflush.o)
 .debug_frame   0x0000000000000e1c      0x148 c:/mounriver/mounriver_studio/toolchain/risc-v embedded gcc/bin/../lib/gcc/riscv-none-embed/8.2.0/../../../../riscv-none-embed/lib/rv32imacxw/ilp32\libg_nano.a(lib_a-findfp.o)
 .debug_frame   0x0000000000000f64       0x88 c:/mounriver/mounriver_studio/toolchain/risc-v embedded gcc/bin/../lib/gcc/riscv-none-embed/8.2.0/../../../../riscv-none-embed/lib/rv32imacxw/ilp32\libg_nano.a(lib_a-fwalk.o)
 .debug_frame   0x0000000000000fec       0x64 c:/mounriver/mounriver_studio/toolchain/risc-v embedded gcc/bin/../lib/gcc/riscv-none-embed/8.2.0/../../../../riscv-none-embed/lib/rv32imacxw/ilp32\libg_nano.a(lib_a-makebuf.o)
 .debug_frame   0x0000000000001050       0x40 c:/mounriver/mounriver_studio/toolchain/risc-v embedded gcc/bin/../lib/gcc/riscv-none-embed/8.2.0/../../../../riscv-none-embed/lib/rv32imacxw/ilp32\libg_nano.a(lib_a-nano-freer.o)
 .debug_frame   0x0000000000001090       0x40 c:/mounriver/mounriver_studio/toolchain/risc-v embedded gcc/bin/../lib/gcc/riscv-none-embed/8.2.0/../../../../riscv-none-embed/lib/rv32imacxw/ilp32\libg_nano.a(lib_a-nano-mallocr.o)
 .debug_frame   0x00000000000010d0       0xd0 c:/mounriver/mounriver_studio/toolchain/risc-v embedded gcc/bin/../lib/gcc/riscv-none-embed/8.2.0/../../../../riscv-none-embed/lib/rv32imacxw/ilp32\libg_nano.a(lib_a-nano-vfprintf.o)
 .debug_frame   0x00000000000011a0       0x8c c:/mounriver/mounriver_studio/toolchain/risc-v embedded gcc/bin/../lib/gcc/riscv-none-embed/8.2.0/../../../../riscv-none-embed/lib/rv32imacxw/ilp32\libg_nano.a(lib_a-nano-vfprintf_i.o)
 .debug_frame   0x000000000000122c       0x30 c:/mounriver/mounriver_studio/toolchain/risc-v embedded gcc/bin/../lib/gcc/riscv-none-embed/8.2.0/../../../../riscv-none-embed/lib/rv32imacxw/ilp32\libg_nano.a(lib_a-sbrkr.o)
 .debug_frame   0x000000000000125c       0xa4 c:/mounriver/mounriver_studio/toolchain/risc-v embedded gcc/bin/../lib/gcc/riscv-none-embed/8.2.0/../../../../riscv-none-embed/lib/rv32imacxw/ilp32\libg_nano.a(lib_a-stdio.o)
 .debug_frame   0x0000000000001300       0x30 c:/mounriver/mounriver_studio/toolchain/risc-v embedded gcc/bin/../lib/gcc/riscv-none-embed/8.2.0/../../../../riscv-none-embed/lib/rv32imacxw/ilp32\libg_nano.a(lib_a-writer.o)
 .debug_frame   0x0000000000001330       0x30 c:/mounriver/mounriver_studio/toolchain/risc-v embedded gcc/bin/../lib/gcc/riscv-none-embed/8.2.0/../../../../riscv-none-embed/lib/rv32imacxw/ilp32\libg_nano.a(lib_a-closer.o)
 .debug_frame   0x0000000000001360       0x30 c:/mounriver/mounriver_studio/toolchain/risc-v embedded gcc/bin/../lib/gcc/riscv-none-embed/8.2.0/../../../../riscv-none-embed/lib/rv32imacxw/ilp32\libg_nano.a(lib_a-fstatr.o)
 .debug_frame   0x0000000000001390       0x30 c:/mounriver/mounriver_studio/toolchain/risc-v embedded gcc/bin/../lib/gcc/riscv-none-embed/8.2.0/../../../../riscv-none-embed/lib/rv32imacxw/ilp32\libg_nano.a(lib_a-isattyr.o)
 .debug_frame   0x00000000000013c0       0x30 c:/mounriver/mounriver_studio/toolchain/risc-v embedded gcc/bin/../lib/gcc/riscv-none-embed/8.2.0/../../../../riscv-none-embed/lib/rv32imacxw/ilp32\libg_nano.a(lib_a-lseekr.o)
 .debug_frame   0x00000000000013f0       0x20 c:/mounriver/mounriver_studio/toolchain/risc-v embedded gcc/bin/../lib/gcc/riscv-none-embed/8.2.0/../../../../riscv-none-embed/lib/rv32imacxw/ilp32\libg_nano.a(lib_a-memchr.o)
 .debug_frame   0x0000000000001410       0x30 c:/mounriver/mounriver_studio/toolchain/risc-v embedded gcc/bin/../lib/gcc/riscv-none-embed/8.2.0/../../../../riscv-none-embed/lib/rv32imacxw/ilp32\libg_nano.a(lib_a-mlock.o)
 .debug_frame   0x0000000000001440       0x30 c:/mounriver/mounriver_studio/toolchain/risc-v embedded gcc/bin/../lib/gcc/riscv-none-embed/8.2.0/../../../../riscv-none-embed/lib/rv32imacxw/ilp32\libg_nano.a(lib_a-readr.o)
 .debug_frame   0x0000000000001470       0x70 c:/mounriver/mounriver_studio/toolchain/risc-v embedded gcc/bin/../lib/gcc/riscv-none-embed/8.2.0/../../../../riscv-none-embed/lib/rv32imacxw/ilp32\libg_nano.a(lib_a-reent.o)
 .debug_frame   0x00000000000014e0       0x20 c:/mounriver/mounriver_studio/toolchain/risc-v embedded gcc/bin/../lib/gcc/riscv-none-embed/8.2.0/../../../../riscv-none-embed/lib/rv32imacxw/ilp32\libnosys.a(close.o)
 .debug_frame   0x0000000000001500       0x20 c:/mounriver/mounriver_studio/toolchain/risc-v embedded gcc/bin/../lib/gcc/riscv-none-embed/8.2.0/../../../../riscv-none-embed/lib/rv32imacxw/ilp32\libnosys.a(fstat.o)
 .debug_frame   0x0000000000001520       0x20 c:/mounriver/mounriver_studio/toolchain/risc-v embedded gcc/bin/../lib/gcc/riscv-none-embed/8.2.0/../../../../riscv-none-embed/lib/rv32imacxw/ilp32\libnosys.a(isatty.o)
 .debug_frame   0x0000000000001540       0x20 c:/mounriver/mounriver_studio/toolchain/risc-v embedded gcc/bin/../lib/gcc/riscv-none-embed/8.2.0/../../../../riscv-none-embed/lib/rv32imacxw/ilp32\libnosys.a(lseek.o)
 .debug_frame   0x0000000000001560       0x20 c:/mounriver/mounriver_studio/toolchain/risc-v embedded gcc/bin/../lib/gcc/riscv-none-embed/8.2.0/../../../../riscv-none-embed/lib/rv32imacxw/ilp32\libnosys.a(read.o)

.debug_loc      0x0000000000000000     0x2306
 .debug_loc     0x0000000000000000       0xda ./User/system_ch32v30x.o
 .debug_loc     0x00000000000000da       0x7c ./Peripheral/src/ch32v30x_dbgmcu.o
 .debug_loc     0x0000000000000156      0x6eb ./Peripheral/src/ch32v30x_gpio.o
 .debug_loc     0x0000000000000841       0xce ./Peripheral/src/ch32v30x_misc.o
 .debug_loc     0x000000000000090f      0xadb ./Peripheral/src/ch32v30x_rcc.o
 .debug_loc     0x00000000000013ea      0x7bb ./Peripheral/src/ch32v30x_usart.o
 .debug_loc     0x0000000000001ba5       0x7f ./Hardware/dvp.o
 .debug_loc     0x0000000000001c24      0x3c8 ./Hardware/ov.o
 .debug_loc     0x0000000000001fec      0x1c9 ./Hardware/uart5.o
 .debug_loc     0x00000000000021b5      0x151 ./Debug/debug.o

.stab           0x0000000000000000       0x84
 .stab          0x0000000000000000       0x24 c:/mounriver/mounriver_studio/toolchain/risc-v embedded gcc/bin/../lib/gcc/riscv-none-embed/8.2.0/../../../../riscv-none-embed/lib/rv32imacxw/ilp32\libnosys.a(close.o)
 .stab          0x0000000000000024       0x18 c:/mounriver/mounriver_studio/toolchain/risc-v embedded gcc/bin/../lib/gcc/riscv-none-embed/8.2.0/../../../../riscv-none-embed/lib/rv32imacxw/ilp32\libnosys.a(fstat.o)
                                         0x24 (size before relaxing)
 .stab          0x000000000000003c       0x18 c:/mounriver/mounriver_studio/toolchain/risc-v embedded gcc/bin/../lib/gcc/riscv-none-embed/8.2.0/../../../../riscv-none-embed/lib/rv32imacxw/ilp32\libnosys.a(isatty.o)
                                         0x24 (size before relaxing)
 .stab          0x0000000000000054       0x18 c:/mounriver/mounriver_studio/toolchain/risc-v embedded gcc/bin/../lib/gcc/riscv-none-embed/8.2.0/../../../../riscv-none-embed/lib/rv32imacxw/ilp32\libnosys.a(lseek.o)
                                         0x24 (size before relaxing)
 .stab          0x000000000000006c       0x18 c:/mounriver/mounriver_studio/toolchain/risc-v embedded gcc/bin/../lib/gcc/riscv-none-embed/8.2.0/../../../../riscv-none-embed/lib/rv32imacxw/ilp32\libnosys.a(read.o)
                                         0x24 (size before relaxing)

.stabstr        0x0000000000000000      0x117
 .stabstr       0x0000000000000000      0x117 c:/mounriver/mounriver_studio/toolchain/risc-v embedded gcc/bin/../lib/gcc/riscv-none-embed/8.2.0/../../../../riscv-none-embed/lib/rv32imacxw/ilp32\libnosys.a(close.o)
